<!doctype html public "-//w3c//dtd html 4.0 transitional//en">
<html><head>
<title>Static Call Graph - [..\Output\Changesample.axf]</title></head>
<body><HR>
<H1>Static Call Graph for image ..\Output\Changesample.axf</H1><HR>
<BR><P>#&#060CALLGRAPH&#062# ARM Linker, 4.1 [Build 894]: Last Updated: Mon Aug 17 09:34:53 2015
<BR><P>
<H3>Maximum Stack Usage =        100 bytes + Unknown(Functions without stacksize, Cycles, Untraceable Function Pointers)</H3><H3>
Call chain for Maximum Stack Depth:</H3>
__rt_entry_main &rArr; main &rArr; DATA_RecProc &rArr; RXdata_proc &rArr; Cal_DataPro &rArr; Flash_Pagedata_Write &rArr; Flash_Page_Erase
<P>
<H3>
Functions with no stack information
</H3><UL>
 <LI><a href="#[d6]">__user_initial_stackheap</a>
</UL>
</UL>
<P>
<H3>
Mutually Recursive functions
</H3> <LI><a href="#[2a]">NMI_Handler</a>&nbsp;&nbsp;&nbsp;&rArr;&nbsp;&nbsp;&nbsp;<a href="#[2a]">NMI_Handler</a><BR>
 <LI><a href="#[2b]">HardFault_Handler</a>&nbsp;&nbsp;&nbsp;&rArr;&nbsp;&nbsp;&nbsp;<a href="#[2b]">HardFault_Handler</a><BR>
 <LI><a href="#[2c]">MemManage_Handler</a>&nbsp;&nbsp;&nbsp;&rArr;&nbsp;&nbsp;&nbsp;<a href="#[2c]">MemManage_Handler</a><BR>
 <LI><a href="#[2d]">BusFault_Handler</a>&nbsp;&nbsp;&nbsp;&rArr;&nbsp;&nbsp;&nbsp;<a href="#[2d]">BusFault_Handler</a><BR>
 <LI><a href="#[2e]">UsageFault_Handler</a>&nbsp;&nbsp;&nbsp;&rArr;&nbsp;&nbsp;&nbsp;<a href="#[2e]">UsageFault_Handler</a><BR>
 <LI><a href="#[2f]">SVC_Handler</a>&nbsp;&nbsp;&nbsp;&rArr;&nbsp;&nbsp;&nbsp;<a href="#[2f]">SVC_Handler</a><BR>
 <LI><a href="#[30]">DebugMon_Handler</a>&nbsp;&nbsp;&nbsp;&rArr;&nbsp;&nbsp;&nbsp;<a href="#[30]">DebugMon_Handler</a><BR>
 <LI><a href="#[31]">PendSV_Handler</a>&nbsp;&nbsp;&nbsp;&rArr;&nbsp;&nbsp;&nbsp;<a href="#[31]">PendSV_Handler</a><BR>
 <LI><a href="#[32]">SysTick_Handler</a>&nbsp;&nbsp;&nbsp;&rArr;&nbsp;&nbsp;&nbsp;<a href="#[32]">SysTick_Handler</a><BR>
 <LI><a href="#[45]">ADC1_2_IRQHandler</a>&nbsp;&nbsp;&nbsp;&rArr;&nbsp;&nbsp;&nbsp;<a href="#[45]">ADC1_2_IRQHandler</a><BR>
</UL>
<P>
<H3>
Function Pointers
</H3><UL>
 <LI><a href="#[45]">ADC1_2_IRQHandler</a> from startup_stm32f10x_cl.o(.text) referenced from startup_stm32f10x_cl.o(RESET)
 <LI><a href="#[4]">BATI_SampData_fun</a> from ad_sample.o(.text) referenced 4 times from ad_sample.o(.data)
 <LI><a href="#[7]">BATU_SampData_fun</a> from ad_sample.o(.text) referenced 4 times from ad_sample.o(.data)
 <LI><a href="#[22]">BMSCom_ChargeFinStageTxTimer</a> from bmscom_gb.o(.text) referenced 2 times from bmscom_gb.o(.data)
 <LI><a href="#[21]">BMSCom_ChargeStageTxTimer</a> from bmscom_gb.o(.text) referenced 2 times from bmscom_gb.o(.data)
 <LI><a href="#[1f]">BMSCom_HandShakeStageTxTimer</a> from bmscom_gb.o(.text) referenced 2 times from bmscom_gb.o(.data)
 <LI><a href="#[20]">BMSCom_ParaConfStageTxTimer</a> from bmscom_gb.o(.text) referenced 2 times from bmscom_gb.o(.data)
 <LI><a href="#[2d]">BusFault_Handler</a> from startup_stm32f10x_cl.o(.text) referenced from startup_stm32f10x_cl.o(RESET)
 <LI><a href="#[47]">CAN1_RX0_IRQHandler</a> from can.o(.text) referenced from startup_stm32f10x_cl.o(RESET)
 <LI><a href="#[48]">CAN1_RX1_IRQHandler</a> from can.o(.text) referenced from startup_stm32f10x_cl.o(RESET)
 <LI><a href="#[49]">CAN1_SCE_IRQHandler</a> from startup_stm32f10x_cl.o(.text) referenced from startup_stm32f10x_cl.o(RESET)
 <LI><a href="#[46]">CAN1_TX_IRQHandler</a> from can.o(.text) referenced from startup_stm32f10x_cl.o(RESET)
 <LI><a href="#[6c]">CAN2_RX0_IRQHandler</a> from can.o(.text) referenced from startup_stm32f10x_cl.o(RESET)
 <LI><a href="#[6d]">CAN2_RX1_IRQHandler</a> from can.o(.text) referenced from startup_stm32f10x_cl.o(RESET)
 <LI><a href="#[6e]">CAN2_SCE_IRQHandler</a> from startup_stm32f10x_cl.o(.text) referenced from startup_stm32f10x_cl.o(RESET)
 <LI><a href="#[6b]">CAN2_TX_IRQHandler</a> from can.o(.text) referenced from startup_stm32f10x_cl.o(RESET)
 <LI><a href="#[3e]">DMA1_Channel1_IRQHandler</a> from startup_stm32f10x_cl.o(.text) referenced from startup_stm32f10x_cl.o(RESET)
 <LI><a href="#[3f]">DMA1_Channel2_IRQHandler</a> from startup_stm32f10x_cl.o(.text) referenced from startup_stm32f10x_cl.o(RESET)
 <LI><a href="#[40]">DMA1_Channel3_IRQHandler</a> from startup_stm32f10x_cl.o(.text) referenced from startup_stm32f10x_cl.o(RESET)
 <LI><a href="#[41]">DMA1_Channel4_IRQHandler</a> from startup_stm32f10x_cl.o(.text) referenced from startup_stm32f10x_cl.o(RESET)
 <LI><a href="#[42]">DMA1_Channel5_IRQHandler</a> from startup_stm32f10x_cl.o(.text) referenced from startup_stm32f10x_cl.o(RESET)
 <LI><a href="#[43]">DMA1_Channel6_IRQHandler</a> from startup_stm32f10x_cl.o(.text) referenced from startup_stm32f10x_cl.o(RESET)
 <LI><a href="#[44]">DMA1_Channel7_IRQHandler</a> from startup_stm32f10x_cl.o(.text) referenced from startup_stm32f10x_cl.o(RESET)
 <LI><a href="#[64]">DMA2_Channel1_IRQHandler</a> from startup_stm32f10x_cl.o(.text) referenced from startup_stm32f10x_cl.o(RESET)
 <LI><a href="#[65]">DMA2_Channel2_IRQHandler</a> from startup_stm32f10x_cl.o(.text) referenced from startup_stm32f10x_cl.o(RESET)
 <LI><a href="#[66]">DMA2_Channel3_IRQHandler</a> from startup_stm32f10x_cl.o(.text) referenced from startup_stm32f10x_cl.o(RESET)
 <LI><a href="#[67]">DMA2_Channel4_IRQHandler</a> from startup_stm32f10x_cl.o(.text) referenced from startup_stm32f10x_cl.o(RESET)
 <LI><a href="#[68]">DMA2_Channel5_IRQHandler</a> from startup_stm32f10x_cl.o(.text) referenced from startup_stm32f10x_cl.o(RESET)
 <LI><a href="#[30]">DebugMon_Handler</a> from startup_stm32f10x_cl.o(.text) referenced from startup_stm32f10x_cl.o(RESET)
 <LI><a href="#[69]">ETH_IRQHandler</a> from startup_stm32f10x_cl.o(.text) referenced from startup_stm32f10x_cl.o(RESET)
 <LI><a href="#[6a]">ETH_WKUP_IRQHandler</a> from startup_stm32f10x_cl.o(.text) referenced from startup_stm32f10x_cl.o(RESET)
 <LI><a href="#[39]">EXTI0_IRQHandler</a> from startup_stm32f10x_cl.o(.text) referenced from startup_stm32f10x_cl.o(RESET)
 <LI><a href="#[5b]">EXTI15_10_IRQHandler</a> from startup_stm32f10x_cl.o(.text) referenced from startup_stm32f10x_cl.o(RESET)
 <LI><a href="#[3a]">EXTI1_IRQHandler</a> from startup_stm32f10x_cl.o(.text) referenced from startup_stm32f10x_cl.o(RESET)
 <LI><a href="#[3b]">EXTI2_IRQHandler</a> from startup_stm32f10x_cl.o(.text) referenced from startup_stm32f10x_cl.o(RESET)
 <LI><a href="#[3c]">EXTI3_IRQHandler</a> from startup_stm32f10x_cl.o(.text) referenced from startup_stm32f10x_cl.o(RESET)
 <LI><a href="#[3d]">EXTI4_IRQHandler</a> from startup_stm32f10x_cl.o(.text) referenced from startup_stm32f10x_cl.o(RESET)
 <LI><a href="#[4a]">EXTI9_5_IRQHandler</a> from startup_stm32f10x_cl.o(.text) referenced from startup_stm32f10x_cl.o(RESET)
 <LI><a href="#[37]">FLASH_IRQHandler</a> from startup_stm32f10x_cl.o(.text) referenced from startup_stm32f10x_cl.o(RESET)
 <LI><a href="#[3]">FZDYU_SampData_fun</a> from ad_sample.o(.text) referenced 2 times from ad_sample.o(.data)
 <LI><a href="#[14]">FrameReceProc_BCL</a> from bmscom_gb.o(.text) referenced 2 times from bmscom_gb.o(.data)
 <LI><a href="#[1a]">FrameReceProc_BCP</a> from bmscom_gb.o(.text) referenced 2 times from bmscom_gb.o(.data)
 <LI><a href="#[1b]">FrameReceProc_BCS</a> from bmscom_gb.o(.text) referenced 2 times from bmscom_gb.o(.data)
 <LI><a href="#[18]">FrameReceProc_BEM</a> from bmscom_gb.o(.text) referenced 2 times from bmscom_gb.o(.data)
 <LI><a href="#[1d]">FrameReceProc_BMT</a> from bmscom_gb.o(.text) referenced 2 times from bmscom_gb.o(.data)
 <LI><a href="#[1c]">FrameReceProc_BMV</a> from bmscom_gb.o(.text) referenced 2 times from bmscom_gb.o(.data)
 <LI><a href="#[19]">FrameReceProc_BRM</a> from bmscom_gb.o(.text) referenced 2 times from bmscom_gb.o(.data)
 <LI><a href="#[13]">FrameReceProc_BRO</a> from bmscom_gb.o(.text) referenced 2 times from bmscom_gb.o(.data)
 <LI><a href="#[17]">FrameReceProc_BSD</a> from bmscom_gb.o(.text) referenced 2 times from bmscom_gb.o(.data)
 <LI><a href="#[15]">FrameReceProc_BSM</a> from bmscom_gb.o(.text) referenced 2 times from bmscom_gb.o(.data)
 <LI><a href="#[1e]">FrameReceProc_BSP</a> from bmscom_gb.o(.text) referenced 2 times from bmscom_gb.o(.data)
 <LI><a href="#[16]">FrameReceProc_BST</a> from bmscom_gb.o(.text) referenced 2 times from bmscom_gb.o(.data)
 <LI><a href="#[f]">FrameSendProc_CCS</a> from bmscom_gb.o(.text) referenced 2 times from bmscom_gb.o(.data)
 <LI><a href="#[12]">FrameSendProc_CEM</a> from bmscom_gb.o(.text) referenced 2 times from bmscom_gb.o(.data)
 <LI><a href="#[d]">FrameSendProc_CML</a> from bmscom_gb.o(.text) referenced 2 times from bmscom_gb.o(.data)
 <LI><a href="#[b]">FrameSendProc_CRM</a> from bmscom_gb.o(.text) referenced 2 times from bmscom_gb.o(.data)
 <LI><a href="#[e]">FrameSendProc_CRO</a> from bmscom_gb.o(.text) referenced 2 times from bmscom_gb.o(.data)
 <LI><a href="#[11]">FrameSendProc_CSD</a> from bmscom_gb.o(.text) referenced 2 times from bmscom_gb.o(.data)
 <LI><a href="#[10]">FrameSendProc_CST</a> from bmscom_gb.o(.text) referenced 2 times from bmscom_gb.o(.data)
 <LI><a href="#[c]">FrameSendProc_CTS</a> from bmscom_gb.o(.text) referenced 2 times from bmscom_gb.o(.data)
 <LI><a href="#[5]">HUMI_SampData_fun</a> from ad_sample.o(.text) referenced 2 times from ad_sample.o(.data)
 <LI><a href="#[2b]">HardFault_Handler</a> from startup_stm32f10x_cl.o(.text) referenced from startup_stm32f10x_cl.o(RESET)
 <LI><a href="#[53]">I2C1_ER_IRQHandler</a> from startup_stm32f10x_cl.o(.text) referenced from startup_stm32f10x_cl.o(RESET)
 <LI><a href="#[52]">I2C1_EV_IRQHandler</a> from startup_stm32f10x_cl.o(.text) referenced from startup_stm32f10x_cl.o(RESET)
 <LI><a href="#[55]">I2C2_ER_IRQHandler</a> from startup_stm32f10x_cl.o(.text) referenced from startup_stm32f10x_cl.o(RESET)
 <LI><a href="#[54]">I2C2_EV_IRQHandler</a> from startup_stm32f10x_cl.o(.text) referenced from startup_stm32f10x_cl.o(RESET)
 <LI><a href="#[9]">JYBATP_SampData_fun</a> from ad_sample.o(.text) referenced 4 times from ad_sample.o(.data)
 <LI><a href="#[a]">JYRES_SampData_fun</a> from ad_sample.o(.text) referenced 4 times from ad_sample.o(.data)
 <LI><a href="#[8]">LINKU_SampData_fun</a> from ad_sample.o(.text) referenced 4 times from ad_sample.o(.data)
 <LI><a href="#[23]">MP_AbortTxProc</a> from bmscom_sae.o(.text) referenced 2 times from bmscom_sae.o(.data)
 <LI><a href="#[28]">MP_BAMTxProc</a> from bmscom_sae.o(.text) referenced 2 times from bmscom_sae.o(.data)
 <LI><a href="#[25]">MP_CTSTxProc</a> from bmscom_sae.o(.text) referenced 2 times from bmscom_sae.o(.data)
 <LI><a href="#[27]">MP_DTTxProc</a> from bmscom_sae.o(.text) referenced 2 times from bmscom_sae.o(.data)
 <LI><a href="#[24]">MP_EndOfMsgTxProc</a> from bmscom_sae.o(.text) referenced 2 times from bmscom_sae.o(.data)
 <LI><a href="#[26]">MP_RTSTxProc</a> from bmscom_sae.o(.text) referenced 2 times from bmscom_sae.o(.data)
 <LI><a href="#[2]">MXU_SampData_fun</a> from ad_sample.o(.text) referenced 4 times from ad_sample.o(.data)
 <LI><a href="#[2c]">MemManage_Handler</a> from startup_stm32f10x_cl.o(.text) referenced from startup_stm32f10x_cl.o(RESET)
 <LI><a href="#[2a]">NMI_Handler</a> from startup_stm32f10x_cl.o(.text) referenced from startup_stm32f10x_cl.o(RESET)
 <LI><a href="#[70]">NVIC_Myinit</a> from sys_init.o(.text) referenced from startup_stm32f10x_cl.o(.text)
 <LI><a href="#[6f]">OTG_FS_IRQHandler</a> from startup_stm32f10x_cl.o(.text) referenced from startup_stm32f10x_cl.o(RESET)
 <LI><a href="#[5d]">OTG_FS_WKUP_IRQHandler</a> from startup_stm32f10x_cl.o(.text) referenced from startup_stm32f10x_cl.o(RESET)
 <LI><a href="#[34]">PVD_IRQHandler</a> from startup_stm32f10x_cl.o(.text) referenced from startup_stm32f10x_cl.o(RESET)
 <LI><a href="#[31]">PendSV_Handler</a> from startup_stm32f10x_cl.o(.text) referenced from startup_stm32f10x_cl.o(RESET)
 <LI><a href="#[38]">RCC_IRQHandler</a> from startup_stm32f10x_cl.o(.text) referenced from startup_stm32f10x_cl.o(RESET)
 <LI><a href="#[5c]">RTCAlarm_IRQHandler</a> from startup_stm32f10x_cl.o(.text) referenced from startup_stm32f10x_cl.o(RESET)
 <LI><a href="#[36]">RTC_IRQHandler</a> from startup_stm32f10x_cl.o(.text) referenced from startup_stm32f10x_cl.o(RESET)
 <LI><a href="#[29]">Reset_Handler</a> from startup_stm32f10x_cl.o(.text) referenced from startup_stm32f10x_cl.o(RESET)
 <LI><a href="#[56]">SPI1_IRQHandler</a> from ads7953.o(.text) referenced from startup_stm32f10x_cl.o(RESET)
 <LI><a href="#[57]">SPI2_IRQHandler</a> from startup_stm32f10x_cl.o(.text) referenced from startup_stm32f10x_cl.o(RESET)
 <LI><a href="#[5f]">SPI3_IRQHandler</a> from startup_stm32f10x_cl.o(.text) referenced from startup_stm32f10x_cl.o(RESET)
 <LI><a href="#[2f]">SVC_Handler</a> from startup_stm32f10x_cl.o(.text) referenced from startup_stm32f10x_cl.o(RESET)
 <LI><a href="#[32]">SysTick_Handler</a> from startup_stm32f10x_cl.o(.text) referenced from startup_stm32f10x_cl.o(RESET)
 <LI><a href="#[71]">System_Myinit</a> from sys_init.o(.text) referenced from startup_stm32f10x_cl.o(.text)
 <LI><a href="#[35]">TAMPER_IRQHandler</a> from startup_stm32f10x_cl.o(.text) referenced from startup_stm32f10x_cl.o(RESET)
 <LI><a href="#[6]">TEMP_SampData_fun</a> from ad_sample.o(.text) referenced 2 times from ad_sample.o(.data)
 <LI><a href="#[4b]">TIM1_BRK_IRQHandler</a> from startup_stm32f10x_cl.o(.text) referenced from startup_stm32f10x_cl.o(RESET)
 <LI><a href="#[4e]">TIM1_CC_IRQHandler</a> from startup_stm32f10x_cl.o(.text) referenced from startup_stm32f10x_cl.o(RESET)
 <LI><a href="#[4d]">TIM1_TRG_COM_IRQHandler</a> from startup_stm32f10x_cl.o(.text) referenced from startup_stm32f10x_cl.o(RESET)
 <LI><a href="#[4c]">TIM1_UP_IRQHandler</a> from timer.o(.text) referenced from startup_stm32f10x_cl.o(RESET)
 <LI><a href="#[4f]">TIM2_IRQHandler</a> from timer.o(.text) referenced from startup_stm32f10x_cl.o(RESET)
 <LI><a href="#[50]">TIM3_IRQHandler</a> from timer.o(.text) referenced from startup_stm32f10x_cl.o(RESET)
 <LI><a href="#[51]">TIM4_IRQHandler</a> from startup_stm32f10x_cl.o(.text) referenced from startup_stm32f10x_cl.o(RESET)
 <LI><a href="#[5e]">TIM5_IRQHandler</a> from startup_stm32f10x_cl.o(.text) referenced from startup_stm32f10x_cl.o(RESET)
 <LI><a href="#[62]">TIM6_IRQHandler</a> from startup_stm32f10x_cl.o(.text) referenced from startup_stm32f10x_cl.o(RESET)
 <LI><a href="#[63]">TIM7_IRQHandler</a> from startup_stm32f10x_cl.o(.text) referenced from startup_stm32f10x_cl.o(RESET)
 <LI><a href="#[60]">UART4_IRQHandler</a> from startup_stm32f10x_cl.o(.text) referenced from startup_stm32f10x_cl.o(RESET)
 <LI><a href="#[61]">UART5_IRQHandler</a> from startup_stm32f10x_cl.o(.text) referenced from startup_stm32f10x_cl.o(RESET)
 <LI><a href="#[58]">USART1_IRQHandler</a> from uart.o(.text) referenced from startup_stm32f10x_cl.o(RESET)
 <LI><a href="#[59]">USART2_IRQHandler</a> from startup_stm32f10x_cl.o(.text) referenced from startup_stm32f10x_cl.o(RESET)
 <LI><a href="#[5a]">USART3_IRQHandler</a> from startup_stm32f10x_cl.o(.text) referenced from startup_stm32f10x_cl.o(RESET)
 <LI><a href="#[2e]">UsageFault_Handler</a> from startup_stm32f10x_cl.o(.text) referenced from startup_stm32f10x_cl.o(RESET)
 <LI><a href="#[33]">WWDG_IRQHandler</a> from startup_stm32f10x_cl.o(.text) referenced from startup_stm32f10x_cl.o(RESET)
 <LI><a href="#[73]">__main</a> from __main.o(!!!main) referenced from startup_stm32f10x_cl.o(.text)
</UL>
<P>
<H3>
Global Symbols
</H3>
<P><STRONG><a name="[73]"></a>__main</STRONG> (Thumb, 8 bytes, Stack size 0 bytes, __main.o(!!!main))
<BR><BR>[Calls]<UL><LI><a href="#[75]">&gt;&gt;</a>&nbsp;&nbsp;&nbsp;__rt_entry
<LI><a href="#[74]">&gt;&gt;</a>&nbsp;&nbsp;&nbsp;__scatterload
</UL>

<P><STRONG><a name="[74]"></a>__scatterload</STRONG> (Thumb, 0 bytes, Stack size unknown bytes, __scatter.o(!!!scatter))
<BR><BR>[Called By]<UL><LI><a href="#[73]">&gt;&gt;</a>&nbsp;&nbsp;&nbsp;__main
</UL>

<P><STRONG><a name="[76]"></a>__scatterload_rt2</STRONG> (Thumb, 44 bytes, Stack size unknown bytes, __scatter.o(!!!scatter), UNUSED)
<BR><BR>[Calls]<UL><LI><a href="#[75]">&gt;&gt;</a>&nbsp;&nbsp;&nbsp;__rt_entry
</UL>

<P><STRONG><a name="[d9]"></a>__scatterload_rt2_thumb_only</STRONG> (Thumb, 0 bytes, Stack size unknown bytes, __scatter.o(!!!scatter), UNUSED)

<P><STRONG><a name="[da]"></a>__scatterload_null</STRONG> (Thumb, 0 bytes, Stack size unknown bytes, __scatter.o(!!!scatter), UNUSED)

<P><STRONG><a name="[db]"></a>__decompress</STRONG> (Thumb, 90 bytes, Stack size unknown bytes, __dczerorl2.o(!!dczerorl2), UNUSED)

<P><STRONG><a name="[dc]"></a>__decompress1</STRONG> (Thumb, 0 bytes, Stack size unknown bytes, __dczerorl2.o(!!dczerorl2), UNUSED)

<P><STRONG><a name="[dd]"></a>__scatterload_zeroinit</STRONG> (Thumb, 28 bytes, Stack size unknown bytes, __scatter_zi.o(!!handler_zi), UNUSED)

<P><STRONG><a name="[77]"></a>__rt_lib_init</STRONG> (Thumb, 0 bytes, Stack size unknown bytes, libinit.o(.ARM.Collect$$libinit$$00000000))
<BR><BR>[Stack]<UL><LI>Max Depth = 8 + Unknown Stack Size
<LI>Call Chain = __rt_lib_init &rArr; _fp_init
</UL>
<BR>[Calls]<UL><LI><a href="#[78]">&gt;&gt;</a>&nbsp;&nbsp;&nbsp;_fp_init
</UL>
<BR>[Called By]<UL><LI><a href="#[7b]">&gt;&gt;</a>&nbsp;&nbsp;&nbsp;__rt_entry_li
</UL>

<P><STRONG><a name="[de]"></a>__rt_lib_init_alloca_1</STRONG> (Thumb, 0 bytes, Stack size unknown bytes, libinit2.o(.ARM.Collect$$libinit$$0000002A))

<P><STRONG><a name="[df]"></a>__rt_lib_init_argv_1</STRONG> (Thumb, 0 bytes, Stack size unknown bytes, libinit2.o(.ARM.Collect$$libinit$$00000028))

<P><STRONG><a name="[e0]"></a>__rt_lib_init_atexit_1</STRONG> (Thumb, 0 bytes, Stack size unknown bytes, libinit2.o(.ARM.Collect$$libinit$$00000017))

<P><STRONG><a name="[e1]"></a>__rt_lib_init_clock_1</STRONG> (Thumb, 0 bytes, Stack size unknown bytes, libinit2.o(.ARM.Collect$$libinit$$0000001D))

<P><STRONG><a name="[e2]"></a>__rt_lib_init_cpp_1</STRONG> (Thumb, 0 bytes, Stack size unknown bytes, libinit2.o(.ARM.Collect$$libinit$$0000002E))

<P><STRONG><a name="[e3]"></a>__rt_lib_init_exceptions_1</STRONG> (Thumb, 0 bytes, Stack size unknown bytes, libinit2.o(.ARM.Collect$$libinit$$0000002C))

<P><STRONG><a name="[e4]"></a>__rt_lib_init_fp_trap_1</STRONG> (Thumb, 0 bytes, Stack size unknown bytes, libinit2.o(.ARM.Collect$$libinit$$0000001B))

<P><STRONG><a name="[e5]"></a>__rt_lib_init_getenv_1</STRONG> (Thumb, 0 bytes, Stack size unknown bytes, libinit2.o(.ARM.Collect$$libinit$$0000001F))

<P><STRONG><a name="[e6]"></a>__rt_lib_init_heap_1</STRONG> (Thumb, 0 bytes, Stack size unknown bytes, libinit2.o(.ARM.Collect$$libinit$$00000006))

<P><STRONG><a name="[e7]"></a>__rt_lib_init_lc_collate_1</STRONG> (Thumb, 0 bytes, Stack size unknown bytes, libinit2.o(.ARM.Collect$$libinit$$0000000D))

<P><STRONG><a name="[e8]"></a>__rt_lib_init_lc_ctype_1</STRONG> (Thumb, 0 bytes, Stack size unknown bytes, libinit2.o(.ARM.Collect$$libinit$$0000000F))

<P><STRONG><a name="[e9]"></a>__rt_lib_init_lc_monetary_1</STRONG> (Thumb, 0 bytes, Stack size unknown bytes, libinit2.o(.ARM.Collect$$libinit$$00000011))

<P><STRONG><a name="[ea]"></a>__rt_lib_init_lc_numeric_1</STRONG> (Thumb, 0 bytes, Stack size unknown bytes, libinit2.o(.ARM.Collect$$libinit$$00000013))

<P><STRONG><a name="[eb]"></a>__rt_lib_init_lc_time_1</STRONG> (Thumb, 0 bytes, Stack size unknown bytes, libinit2.o(.ARM.Collect$$libinit$$00000015))

<P><STRONG><a name="[ec]"></a>__rt_lib_init_rand_1</STRONG> (Thumb, 0 bytes, Stack size unknown bytes, libinit2.o(.ARM.Collect$$libinit$$0000000A))

<P><STRONG><a name="[ed]"></a>__rt_lib_init_return</STRONG> (Thumb, 0 bytes, Stack size unknown bytes, libinit2.o(.ARM.Collect$$libinit$$0000002F))

<P><STRONG><a name="[ee]"></a>__rt_lib_init_signal_1</STRONG> (Thumb, 0 bytes, Stack size unknown bytes, libinit2.o(.ARM.Collect$$libinit$$00000019))

<P><STRONG><a name="[ef]"></a>__rt_lib_init_stdio_1</STRONG> (Thumb, 0 bytes, Stack size unknown bytes, libinit2.o(.ARM.Collect$$libinit$$00000021))

<P><STRONG><a name="[f0]"></a>__rt_lib_init_user_alloc_1</STRONG> (Thumb, 0 bytes, Stack size unknown bytes, libinit2.o(.ARM.Collect$$libinit$$00000008))

<P><STRONG><a name="[80]"></a>__rt_lib_shutdown</STRONG> (Thumb, 0 bytes, Stack size unknown bytes, libshutdown.o(.ARM.Collect$$libshutdown$$00000000))
<BR><BR>[Called By]<UL><LI><a href="#[7f]">&gt;&gt;</a>&nbsp;&nbsp;&nbsp;__rt_exit_ls
</UL>

<P><STRONG><a name="[f1]"></a>__rt_lib_shutdown_fp_trap_1</STRONG> (Thumb, 0 bytes, Stack size unknown bytes, libshutdown2.o(.ARM.Collect$$libshutdown$$00000006))

<P><STRONG><a name="[f2]"></a>__rt_lib_shutdown_heap_1</STRONG> (Thumb, 0 bytes, Stack size unknown bytes, libshutdown2.o(.ARM.Collect$$libshutdown$$0000000E))

<P><STRONG><a name="[f3]"></a>__rt_lib_shutdown_return</STRONG> (Thumb, 0 bytes, Stack size unknown bytes, libshutdown2.o(.ARM.Collect$$libshutdown$$0000000F))

<P><STRONG><a name="[f4]"></a>__rt_lib_shutdown_signal_1</STRONG> (Thumb, 0 bytes, Stack size unknown bytes, libshutdown2.o(.ARM.Collect$$libshutdown$$00000009))

<P><STRONG><a name="[f5]"></a>__rt_lib_shutdown_stdio_1</STRONG> (Thumb, 0 bytes, Stack size unknown bytes, libshutdown2.o(.ARM.Collect$$libshutdown$$00000003))

<P><STRONG><a name="[f6]"></a>__rt_lib_shutdown_user_alloc_1</STRONG> (Thumb, 0 bytes, Stack size unknown bytes, libshutdown2.o(.ARM.Collect$$libshutdown$$0000000B))

<P><STRONG><a name="[75]"></a>__rt_entry</STRONG> (Thumb, 0 bytes, Stack size unknown bytes, rtentry.o(.ARM.Collect$$rtentry$$00000000))
<BR><BR>[Called By]<UL><LI><a href="#[73]">&gt;&gt;</a>&nbsp;&nbsp;&nbsp;__main
<LI><a href="#[76]">&gt;&gt;</a>&nbsp;&nbsp;&nbsp;__scatterload_rt2
</UL>

<P><STRONG><a name="[f7]"></a>__rt_entry_presh_1</STRONG> (Thumb, 0 bytes, Stack size unknown bytes, rtentry2.o(.ARM.Collect$$rtentry$$00000002))

<P><STRONG><a name="[79]"></a>__rt_entry_sh</STRONG> (Thumb, 0 bytes, Stack size unknown bytes, rtentry4.o(.ARM.Collect$$rtentry$$00000004))
<BR><BR>[Stack]<UL><LI>Max Depth = 8 + Unknown Stack Size
<LI>Call Chain = __rt_entry_sh &rArr; __user_setup_stackheap
</UL>
<BR>[Calls]<UL><LI><a href="#[7a]">&gt;&gt;</a>&nbsp;&nbsp;&nbsp;__user_setup_stackheap
</UL>

<P><STRONG><a name="[7b]"></a>__rt_entry_li</STRONG> (Thumb, 0 bytes, Stack size unknown bytes, rtentry2.o(.ARM.Collect$$rtentry$$0000000A))
<BR><BR>[Stack]<UL><LI>Max Depth = 8 + Unknown Stack Size
<LI>Call Chain = __rt_entry_li &rArr; __rt_lib_init &rArr; _fp_init
</UL>
<BR>[Calls]<UL><LI><a href="#[77]">&gt;&gt;</a>&nbsp;&nbsp;&nbsp;__rt_lib_init
</UL>

<P><STRONG><a name="[f8]"></a>__rt_entry_postsh_1</STRONG> (Thumb, 0 bytes, Stack size unknown bytes, rtentry2.o(.ARM.Collect$$rtentry$$00000009))

<P><STRONG><a name="[7c]"></a>__rt_entry_main</STRONG> (Thumb, 0 bytes, Stack size unknown bytes, rtentry2.o(.ARM.Collect$$rtentry$$0000000D))
<BR><BR>[Stack]<UL><LI>Max Depth = 100 + Unknown Stack Size
<LI>Call Chain = __rt_entry_main &rArr; main &rArr; DATA_RecProc &rArr; RXdata_proc &rArr; Cal_DataPro &rArr; Flash_Pagedata_Write &rArr; Flash_Page_Erase
</UL>
<BR>[Calls]<UL><LI><a href="#[7e]">&gt;&gt;</a>&nbsp;&nbsp;&nbsp;exit
<LI><a href="#[7d]">&gt;&gt;</a>&nbsp;&nbsp;&nbsp;main
</UL>

<P><STRONG><a name="[f9]"></a>__rt_entry_postli_1</STRONG> (Thumb, 0 bytes, Stack size unknown bytes, rtentry2.o(.ARM.Collect$$rtentry$$0000000C))

<P><STRONG><a name="[d7]"></a>__rt_exit</STRONG> (Thumb, 0 bytes, Stack size unknown bytes, rtexit.o(.ARM.Collect$$rtexit$$00000000))
<BR><BR>[Called By]<UL><LI><a href="#[7e]">&gt;&gt;</a>&nbsp;&nbsp;&nbsp;exit
</UL>

<P><STRONG><a name="[7f]"></a>__rt_exit_ls</STRONG> (Thumb, 0 bytes, Stack size unknown bytes, rtexit2.o(.ARM.Collect$$rtexit$$00000003))
<BR><BR>[Calls]<UL><LI><a href="#[80]">&gt;&gt;</a>&nbsp;&nbsp;&nbsp;__rt_lib_shutdown
</UL>

<P><STRONG><a name="[fa]"></a>__rt_exit_prels_1</STRONG> (Thumb, 0 bytes, Stack size unknown bytes, rtexit2.o(.ARM.Collect$$rtexit$$00000002))

<P><STRONG><a name="[81]"></a>__rt_exit_exit</STRONG> (Thumb, 0 bytes, Stack size unknown bytes, rtexit2.o(.ARM.Collect$$rtexit$$00000004))
<BR><BR>[Calls]<UL><LI><a href="#[82]">&gt;&gt;</a>&nbsp;&nbsp;&nbsp;_sys_exit
</UL>

<P><STRONG><a name="[9a]"></a>__asm___11_AD_Sample_c_d7a81d7b__get_sampmemb</STRONG> (Thumb, 38 bytes, Stack size 0 bytes, ad_sample.o(.emb_text))
<BR><BR>[Called By]<UL><LI><a href="#[8d]">&gt;&gt;</a>&nbsp;&nbsp;&nbsp;ADSample_Scream_Col
</UL>

<P><STRONG><a name="[29]"></a>Reset_Handler</STRONG> (Thumb, 76 bytes, Stack size 0 bytes, startup_stm32f10x_cl.o(.text))
<BR>[Address Reference Count : 1]<UL><LI> startup_stm32f10x_cl.o(RESET)
</UL>
<P><STRONG><a name="[2a]"></a>NMI_Handler</STRONG> (Thumb, 2 bytes, Stack size 0 bytes, startup_stm32f10x_cl.o(.text))
<BR><BR>[Calls]<UL><LI><a href="#[2a]">&gt;&gt;</a>&nbsp;&nbsp;&nbsp;NMI_Handler
</UL>
<BR>[Called By]<UL><LI><a href="#[2a]">&gt;&gt;</a>&nbsp;&nbsp;&nbsp;NMI_Handler
</UL>
<BR>[Address Reference Count : 1]<UL><LI> startup_stm32f10x_cl.o(RESET)
</UL>
<P><STRONG><a name="[2b]"></a>HardFault_Handler</STRONG> (Thumb, 2 bytes, Stack size 0 bytes, startup_stm32f10x_cl.o(.text))
<BR><BR>[Calls]<UL><LI><a href="#[2b]">&gt;&gt;</a>&nbsp;&nbsp;&nbsp;HardFault_Handler
</UL>
<BR>[Called By]<UL><LI><a href="#[2b]">&gt;&gt;</a>&nbsp;&nbsp;&nbsp;HardFault_Handler
</UL>
<BR>[Address Reference Count : 1]<UL><LI> startup_stm32f10x_cl.o(RESET)
</UL>
<P><STRONG><a name="[2c]"></a>MemManage_Handler</STRONG> (Thumb, 2 bytes, Stack size 0 bytes, startup_stm32f10x_cl.o(.text))
<BR><BR>[Calls]<UL><LI><a href="#[2c]">&gt;&gt;</a>&nbsp;&nbsp;&nbsp;MemManage_Handler
</UL>
<BR>[Called By]<UL><LI><a href="#[2c]">&gt;&gt;</a>&nbsp;&nbsp;&nbsp;MemManage_Handler
</UL>
<BR>[Address Reference Count : 1]<UL><LI> startup_stm32f10x_cl.o(RESET)
</UL>
<P><STRONG><a name="[2d]"></a>BusFault_Handler</STRONG> (Thumb, 2 bytes, Stack size 0 bytes, startup_stm32f10x_cl.o(.text))
<BR><BR>[Calls]<UL><LI><a href="#[2d]">&gt;&gt;</a>&nbsp;&nbsp;&nbsp;BusFault_Handler
</UL>
<BR>[Called By]<UL><LI><a href="#[2d]">&gt;&gt;</a>&nbsp;&nbsp;&nbsp;BusFault_Handler
</UL>
<BR>[Address Reference Count : 1]<UL><LI> startup_stm32f10x_cl.o(RESET)
</UL>
<P><STRONG><a name="[2e]"></a>UsageFault_Handler</STRONG> (Thumb, 2 bytes, Stack size 0 bytes, startup_stm32f10x_cl.o(.text))
<BR><BR>[Calls]<UL><LI><a href="#[2e]">&gt;&gt;</a>&nbsp;&nbsp;&nbsp;UsageFault_Handler
</UL>
<BR>[Called By]<UL><LI><a href="#[2e]">&gt;&gt;</a>&nbsp;&nbsp;&nbsp;UsageFault_Handler
</UL>
<BR>[Address Reference Count : 1]<UL><LI> startup_stm32f10x_cl.o(RESET)
</UL>
<P><STRONG><a name="[2f]"></a>SVC_Handler</STRONG> (Thumb, 2 bytes, Stack size 0 bytes, startup_stm32f10x_cl.o(.text))
<BR><BR>[Calls]<UL><LI><a href="#[2f]">&gt;&gt;</a>&nbsp;&nbsp;&nbsp;SVC_Handler
</UL>
<BR>[Called By]<UL><LI><a href="#[2f]">&gt;&gt;</a>&nbsp;&nbsp;&nbsp;SVC_Handler
</UL>
<BR>[Address Reference Count : 1]<UL><LI> startup_stm32f10x_cl.o(RESET)
</UL>
<P><STRONG><a name="[30]"></a>DebugMon_Handler</STRONG> (Thumb, 2 bytes, Stack size 0 bytes, startup_stm32f10x_cl.o(.text))
<BR><BR>[Calls]<UL><LI><a href="#[30]">&gt;&gt;</a>&nbsp;&nbsp;&nbsp;DebugMon_Handler
</UL>
<BR>[Called By]<UL><LI><a href="#[30]">&gt;&gt;</a>&nbsp;&nbsp;&nbsp;DebugMon_Handler
</UL>
<BR>[Address Reference Count : 1]<UL><LI> startup_stm32f10x_cl.o(RESET)
</UL>
<P><STRONG><a name="[31]"></a>PendSV_Handler</STRONG> (Thumb, 2 bytes, Stack size 0 bytes, startup_stm32f10x_cl.o(.text))
<BR><BR>[Calls]<UL><LI><a href="#[31]">&gt;&gt;</a>&nbsp;&nbsp;&nbsp;PendSV_Handler
</UL>
<BR>[Called By]<UL><LI><a href="#[31]">&gt;&gt;</a>&nbsp;&nbsp;&nbsp;PendSV_Handler
</UL>
<BR>[Address Reference Count : 1]<UL><LI> startup_stm32f10x_cl.o(RESET)
</UL>
<P><STRONG><a name="[32]"></a>SysTick_Handler</STRONG> (Thumb, 2 bytes, Stack size 0 bytes, startup_stm32f10x_cl.o(.text))
<BR><BR>[Calls]<UL><LI><a href="#[32]">&gt;&gt;</a>&nbsp;&nbsp;&nbsp;SysTick_Handler
</UL>
<BR>[Called By]<UL><LI><a href="#[32]">&gt;&gt;</a>&nbsp;&nbsp;&nbsp;SysTick_Handler
</UL>
<BR>[Address Reference Count : 1]<UL><LI> startup_stm32f10x_cl.o(RESET)
</UL>
<P><STRONG><a name="[45]"></a>ADC1_2_IRQHandler</STRONG> (Thumb, 0 bytes, Stack size 0 bytes, startup_stm32f10x_cl.o(.text))
<BR><BR>[Calls]<UL><LI><a href="#[45]">&gt;&gt;</a>&nbsp;&nbsp;&nbsp;ADC1_2_IRQHandler
</UL>
<BR>[Called By]<UL><LI><a href="#[45]">&gt;&gt;</a>&nbsp;&nbsp;&nbsp;ADC1_2_IRQHandler
</UL>
<BR>[Address Reference Count : 1]<UL><LI> startup_stm32f10x_cl.o(RESET)
</UL>
<P><STRONG><a name="[49]"></a>CAN1_SCE_IRQHandler</STRONG> (Thumb, 0 bytes, Stack size 0 bytes, startup_stm32f10x_cl.o(.text))
<BR>[Address Reference Count : 1]<UL><LI> startup_stm32f10x_cl.o(RESET)
</UL>
<P><STRONG><a name="[6e]"></a>CAN2_SCE_IRQHandler</STRONG> (Thumb, 0 bytes, Stack size 0 bytes, startup_stm32f10x_cl.o(.text))
<BR>[Address Reference Count : 1]<UL><LI> startup_stm32f10x_cl.o(RESET)
</UL>
<P><STRONG><a name="[3e]"></a>DMA1_Channel1_IRQHandler</STRONG> (Thumb, 0 bytes, Stack size 0 bytes, startup_stm32f10x_cl.o(.text))
<BR>[Address Reference Count : 1]<UL><LI> startup_stm32f10x_cl.o(RESET)
</UL>
<P><STRONG><a name="[3f]"></a>DMA1_Channel2_IRQHandler</STRONG> (Thumb, 0 bytes, Stack size 0 bytes, startup_stm32f10x_cl.o(.text))
<BR>[Address Reference Count : 1]<UL><LI> startup_stm32f10x_cl.o(RESET)
</UL>
<P><STRONG><a name="[40]"></a>DMA1_Channel3_IRQHandler</STRONG> (Thumb, 0 bytes, Stack size 0 bytes, startup_stm32f10x_cl.o(.text))
<BR>[Address Reference Count : 1]<UL><LI> startup_stm32f10x_cl.o(RESET)
</UL>
<P><STRONG><a name="[41]"></a>DMA1_Channel4_IRQHandler</STRONG> (Thumb, 0 bytes, Stack size 0 bytes, startup_stm32f10x_cl.o(.text))
<BR>[Address Reference Count : 1]<UL><LI> startup_stm32f10x_cl.o(RESET)
</UL>
<P><STRONG><a name="[42]"></a>DMA1_Channel5_IRQHandler</STRONG> (Thumb, 0 bytes, Stack size 0 bytes, startup_stm32f10x_cl.o(.text))
<BR>[Address Reference Count : 1]<UL><LI> startup_stm32f10x_cl.o(RESET)
</UL>
<P><STRONG><a name="[43]"></a>DMA1_Channel6_IRQHandler</STRONG> (Thumb, 0 bytes, Stack size 0 bytes, startup_stm32f10x_cl.o(.text))
<BR>[Address Reference Count : 1]<UL><LI> startup_stm32f10x_cl.o(RESET)
</UL>
<P><STRONG><a name="[44]"></a>DMA1_Channel7_IRQHandler</STRONG> (Thumb, 0 bytes, Stack size 0 bytes, startup_stm32f10x_cl.o(.text))
<BR>[Address Reference Count : 1]<UL><LI> startup_stm32f10x_cl.o(RESET)
</UL>
<P><STRONG><a name="[64]"></a>DMA2_Channel1_IRQHandler</STRONG> (Thumb, 0 bytes, Stack size 0 bytes, startup_stm32f10x_cl.o(.text))
<BR>[Address Reference Count : 1]<UL><LI> startup_stm32f10x_cl.o(RESET)
</UL>
<P><STRONG><a name="[65]"></a>DMA2_Channel2_IRQHandler</STRONG> (Thumb, 0 bytes, Stack size 0 bytes, startup_stm32f10x_cl.o(.text))
<BR>[Address Reference Count : 1]<UL><LI> startup_stm32f10x_cl.o(RESET)
</UL>
<P><STRONG><a name="[66]"></a>DMA2_Channel3_IRQHandler</STRONG> (Thumb, 0 bytes, Stack size 0 bytes, startup_stm32f10x_cl.o(.text))
<BR>[Address Reference Count : 1]<UL><LI> startup_stm32f10x_cl.o(RESET)
</UL>
<P><STRONG><a name="[67]"></a>DMA2_Channel4_IRQHandler</STRONG> (Thumb, 0 bytes, Stack size 0 bytes, startup_stm32f10x_cl.o(.text))
<BR>[Address Reference Count : 1]<UL><LI> startup_stm32f10x_cl.o(RESET)
</UL>
<P><STRONG><a name="[68]"></a>DMA2_Channel5_IRQHandler</STRONG> (Thumb, 0 bytes, Stack size 0 bytes, startup_stm32f10x_cl.o(.text))
<BR>[Address Reference Count : 1]<UL><LI> startup_stm32f10x_cl.o(RESET)
</UL>
<P><STRONG><a name="[69]"></a>ETH_IRQHandler</STRONG> (Thumb, 0 bytes, Stack size 0 bytes, startup_stm32f10x_cl.o(.text))
<BR>[Address Reference Count : 1]<UL><LI> startup_stm32f10x_cl.o(RESET)
</UL>
<P><STRONG><a name="[6a]"></a>ETH_WKUP_IRQHandler</STRONG> (Thumb, 0 bytes, Stack size 0 bytes, startup_stm32f10x_cl.o(.text))
<BR>[Address Reference Count : 1]<UL><LI> startup_stm32f10x_cl.o(RESET)
</UL>
<P><STRONG><a name="[39]"></a>EXTI0_IRQHandler</STRONG> (Thumb, 0 bytes, Stack size 0 bytes, startup_stm32f10x_cl.o(.text))
<BR>[Address Reference Count : 1]<UL><LI> startup_stm32f10x_cl.o(RESET)
</UL>
<P><STRONG><a name="[5b]"></a>EXTI15_10_IRQHandler</STRONG> (Thumb, 0 bytes, Stack size 0 bytes, startup_stm32f10x_cl.o(.text))
<BR>[Address Reference Count : 1]<UL><LI> startup_stm32f10x_cl.o(RESET)
</UL>
<P><STRONG><a name="[3a]"></a>EXTI1_IRQHandler</STRONG> (Thumb, 0 bytes, Stack size 0 bytes, startup_stm32f10x_cl.o(.text))
<BR>[Address Reference Count : 1]<UL><LI> startup_stm32f10x_cl.o(RESET)
</UL>
<P><STRONG><a name="[3b]"></a>EXTI2_IRQHandler</STRONG> (Thumb, 0 bytes, Stack size 0 bytes, startup_stm32f10x_cl.o(.text))
<BR>[Address Reference Count : 1]<UL><LI> startup_stm32f10x_cl.o(RESET)
</UL>
<P><STRONG><a name="[3c]"></a>EXTI3_IRQHandler</STRONG> (Thumb, 0 bytes, Stack size 0 bytes, startup_stm32f10x_cl.o(.text))
<BR>[Address Reference Count : 1]<UL><LI> startup_stm32f10x_cl.o(RESET)
</UL>
<P><STRONG><a name="[3d]"></a>EXTI4_IRQHandler</STRONG> (Thumb, 0 bytes, Stack size 0 bytes, startup_stm32f10x_cl.o(.text))
<BR>[Address Reference Count : 1]<UL><LI> startup_stm32f10x_cl.o(RESET)
</UL>
<P><STRONG><a name="[4a]"></a>EXTI9_5_IRQHandler</STRONG> (Thumb, 0 bytes, Stack size 0 bytes, startup_stm32f10x_cl.o(.text))
<BR>[Address Reference Count : 1]<UL><LI> startup_stm32f10x_cl.o(RESET)
</UL>
<P><STRONG><a name="[37]"></a>FLASH_IRQHandler</STRONG> (Thumb, 0 bytes, Stack size 0 bytes, startup_stm32f10x_cl.o(.text))
<BR>[Address Reference Count : 1]<UL><LI> startup_stm32f10x_cl.o(RESET)
</UL>
<P><STRONG><a name="[53]"></a>I2C1_ER_IRQHandler</STRONG> (Thumb, 0 bytes, Stack size 0 bytes, startup_stm32f10x_cl.o(.text))
<BR>[Address Reference Count : 1]<UL><LI> startup_stm32f10x_cl.o(RESET)
</UL>
<P><STRONG><a name="[52]"></a>I2C1_EV_IRQHandler</STRONG> (Thumb, 0 bytes, Stack size 0 bytes, startup_stm32f10x_cl.o(.text))
<BR>[Address Reference Count : 1]<UL><LI> startup_stm32f10x_cl.o(RESET)
</UL>
<P><STRONG><a name="[55]"></a>I2C2_ER_IRQHandler</STRONG> (Thumb, 0 bytes, Stack size 0 bytes, startup_stm32f10x_cl.o(.text))
<BR>[Address Reference Count : 1]<UL><LI> startup_stm32f10x_cl.o(RESET)
</UL>
<P><STRONG><a name="[54]"></a>I2C2_EV_IRQHandler</STRONG> (Thumb, 0 bytes, Stack size 0 bytes, startup_stm32f10x_cl.o(.text))
<BR>[Address Reference Count : 1]<UL><LI> startup_stm32f10x_cl.o(RESET)
</UL>
<P><STRONG><a name="[6f]"></a>OTG_FS_IRQHandler</STRONG> (Thumb, 0 bytes, Stack size 0 bytes, startup_stm32f10x_cl.o(.text))
<BR>[Address Reference Count : 1]<UL><LI> startup_stm32f10x_cl.o(RESET)
</UL>
<P><STRONG><a name="[5d]"></a>OTG_FS_WKUP_IRQHandler</STRONG> (Thumb, 0 bytes, Stack size 0 bytes, startup_stm32f10x_cl.o(.text))
<BR>[Address Reference Count : 1]<UL><LI> startup_stm32f10x_cl.o(RESET)
</UL>
<P><STRONG><a name="[34]"></a>PVD_IRQHandler</STRONG> (Thumb, 0 bytes, Stack size 0 bytes, startup_stm32f10x_cl.o(.text))
<BR>[Address Reference Count : 1]<UL><LI> startup_stm32f10x_cl.o(RESET)
</UL>
<P><STRONG><a name="[38]"></a>RCC_IRQHandler</STRONG> (Thumb, 0 bytes, Stack size 0 bytes, startup_stm32f10x_cl.o(.text))
<BR>[Address Reference Count : 1]<UL><LI> startup_stm32f10x_cl.o(RESET)
</UL>
<P><STRONG><a name="[5c]"></a>RTCAlarm_IRQHandler</STRONG> (Thumb, 0 bytes, Stack size 0 bytes, startup_stm32f10x_cl.o(.text))
<BR>[Address Reference Count : 1]<UL><LI> startup_stm32f10x_cl.o(RESET)
</UL>
<P><STRONG><a name="[36]"></a>RTC_IRQHandler</STRONG> (Thumb, 0 bytes, Stack size 0 bytes, startup_stm32f10x_cl.o(.text))
<BR>[Address Reference Count : 1]<UL><LI> startup_stm32f10x_cl.o(RESET)
</UL>
<P><STRONG><a name="[57]"></a>SPI2_IRQHandler</STRONG> (Thumb, 0 bytes, Stack size 0 bytes, startup_stm32f10x_cl.o(.text))
<BR>[Address Reference Count : 1]<UL><LI> startup_stm32f10x_cl.o(RESET)
</UL>
<P><STRONG><a name="[5f]"></a>SPI3_IRQHandler</STRONG> (Thumb, 0 bytes, Stack size 0 bytes, startup_stm32f10x_cl.o(.text))
<BR>[Address Reference Count : 1]<UL><LI> startup_stm32f10x_cl.o(RESET)
</UL>
<P><STRONG><a name="[35]"></a>TAMPER_IRQHandler</STRONG> (Thumb, 0 bytes, Stack size 0 bytes, startup_stm32f10x_cl.o(.text))
<BR>[Address Reference Count : 1]<UL><LI> startup_stm32f10x_cl.o(RESET)
</UL>
<P><STRONG><a name="[4b]"></a>TIM1_BRK_IRQHandler</STRONG> (Thumb, 0 bytes, Stack size 0 bytes, startup_stm32f10x_cl.o(.text))
<BR>[Address Reference Count : 1]<UL><LI> startup_stm32f10x_cl.o(RESET)
</UL>
<P><STRONG><a name="[4e]"></a>TIM1_CC_IRQHandler</STRONG> (Thumb, 0 bytes, Stack size 0 bytes, startup_stm32f10x_cl.o(.text))
<BR>[Address Reference Count : 1]<UL><LI> startup_stm32f10x_cl.o(RESET)
</UL>
<P><STRONG><a name="[4d]"></a>TIM1_TRG_COM_IRQHandler</STRONG> (Thumb, 0 bytes, Stack size 0 bytes, startup_stm32f10x_cl.o(.text))
<BR>[Address Reference Count : 1]<UL><LI> startup_stm32f10x_cl.o(RESET)
</UL>
<P><STRONG><a name="[51]"></a>TIM4_IRQHandler</STRONG> (Thumb, 0 bytes, Stack size 0 bytes, startup_stm32f10x_cl.o(.text))
<BR>[Address Reference Count : 1]<UL><LI> startup_stm32f10x_cl.o(RESET)
</UL>
<P><STRONG><a name="[5e]"></a>TIM5_IRQHandler</STRONG> (Thumb, 0 bytes, Stack size 0 bytes, startup_stm32f10x_cl.o(.text))
<BR>[Address Reference Count : 1]<UL><LI> startup_stm32f10x_cl.o(RESET)
</UL>
<P><STRONG><a name="[62]"></a>TIM6_IRQHandler</STRONG> (Thumb, 0 bytes, Stack size 0 bytes, startup_stm32f10x_cl.o(.text))
<BR>[Address Reference Count : 1]<UL><LI> startup_stm32f10x_cl.o(RESET)
</UL>
<P><STRONG><a name="[63]"></a>TIM7_IRQHandler</STRONG> (Thumb, 0 bytes, Stack size 0 bytes, startup_stm32f10x_cl.o(.text))
<BR>[Address Reference Count : 1]<UL><LI> startup_stm32f10x_cl.o(RESET)
</UL>
<P><STRONG><a name="[60]"></a>UART4_IRQHandler</STRONG> (Thumb, 0 bytes, Stack size 0 bytes, startup_stm32f10x_cl.o(.text))
<BR>[Address Reference Count : 1]<UL><LI> startup_stm32f10x_cl.o(RESET)
</UL>
<P><STRONG><a name="[61]"></a>UART5_IRQHandler</STRONG> (Thumb, 0 bytes, Stack size 0 bytes, startup_stm32f10x_cl.o(.text))
<BR>[Address Reference Count : 1]<UL><LI> startup_stm32f10x_cl.o(RESET)
</UL>
<P><STRONG><a name="[59]"></a>USART2_IRQHandler</STRONG> (Thumb, 0 bytes, Stack size 0 bytes, startup_stm32f10x_cl.o(.text))
<BR>[Address Reference Count : 1]<UL><LI> startup_stm32f10x_cl.o(RESET)
</UL>
<P><STRONG><a name="[5a]"></a>USART3_IRQHandler</STRONG> (Thumb, 0 bytes, Stack size 0 bytes, startup_stm32f10x_cl.o(.text))
<BR>[Address Reference Count : 1]<UL><LI> startup_stm32f10x_cl.o(RESET)
</UL>
<P><STRONG><a name="[33]"></a>WWDG_IRQHandler</STRONG> (Thumb, 0 bytes, Stack size 0 bytes, startup_stm32f10x_cl.o(.text))
<BR>[Address Reference Count : 1]<UL><LI> startup_stm32f10x_cl.o(RESET)
</UL>
<P><STRONG><a name="[d6]"></a>__user_initial_stackheap</STRONG> (Thumb, 0 bytes, Stack size unknown bytes, startup_stm32f10x_cl.o(.text))
<BR><BR>[Called By]<UL><LI><a href="#[7a]">&gt;&gt;</a>&nbsp;&nbsp;&nbsp;__user_setup_stackheap
</UL>

<P><STRONG><a name="[71]"></a>System_Myinit</STRONG> (Thumb, 134 bytes, Stack size 0 bytes, sys_init.o(.text))
<BR>[Address Reference Count : 1]<UL><LI> startup_stm32f10x_cl.o(.text)
</UL>
<P><STRONG><a name="[70]"></a>NVIC_Myinit</STRONG> (Thumb, 158 bytes, Stack size 0 bytes, sys_init.o(.text))
<BR>[Address Reference Count : 1]<UL><LI> startup_stm32f10x_cl.o(.text)
</UL>
<P><STRONG><a name="[a8]"></a>USART1_Send</STRONG> (Thumb, 48 bytes, Stack size 0 bytes, uart.o(.text))
<BR><BR>[Called By]<UL><LI><a href="#[93]">&gt;&gt;</a>&nbsp;&nbsp;&nbsp;DATA_TraProc
</UL>

<P><STRONG><a name="[58]"></a>USART1_IRQHandler</STRONG> (Thumb, 462 bytes, Stack size 36 bytes, uart.o(.text))
<BR><BR>[Stack]<UL><LI>Max Depth = 36<LI>Call Chain = USART1_IRQHandler
</UL>
<BR>[Address Reference Count : 1]<UL><LI> startup_stm32f10x_cl.o(RESET)
</UL>
<P><STRONG><a name="[84]"></a>UART_Init</STRONG> (Thumb, 116 bytes, Stack size 8 bytes, uart.o(.text))
<BR><BR>[Stack]<UL><LI>Max Depth = 8<LI>Call Chain = UART_Init
</UL>
<BR>[Called By]<UL><LI><a href="#[7d]">&gt;&gt;</a>&nbsp;&nbsp;&nbsp;main
</UL>

<P><STRONG><a name="[7d]"></a>main</STRONG> (Thumb, 216 bytes, Stack size 0 bytes, main.o(.text))
<BR><BR>[Stack]<UL><LI>Max Depth = 100<LI>Call Chain = main &rArr; DATA_RecProc &rArr; RXdata_proc &rArr; Cal_DataPro &rArr; Flash_Pagedata_Write &rArr; Flash_Page_Erase
</UL>
<BR>[Calls]<UL><LI><a href="#[89]">&gt;&gt;</a>&nbsp;&nbsp;&nbsp;Watchdog_Init
<LI><a href="#[88]">&gt;&gt;</a>&nbsp;&nbsp;&nbsp;Timer_Init
<LI><a href="#[86]">&gt;&gt;</a>&nbsp;&nbsp;&nbsp;Relay_IOinit
<LI><a href="#[90]">&gt;&gt;</a>&nbsp;&nbsp;&nbsp;Relay_Control
<LI><a href="#[85]">&gt;&gt;</a>&nbsp;&nbsp;&nbsp;LED_IOinit
<LI><a href="#[8a]">&gt;&gt;</a>&nbsp;&nbsp;&nbsp;Flash_Init
<LI><a href="#[93]">&gt;&gt;</a>&nbsp;&nbsp;&nbsp;DATA_TraProc
<LI><a href="#[92]">&gt;&gt;</a>&nbsp;&nbsp;&nbsp;DATA_RecProc
<LI><a href="#[8f]">&gt;&gt;</a>&nbsp;&nbsp;&nbsp;Coupler_Updata
<LI><a href="#[87]">&gt;&gt;</a>&nbsp;&nbsp;&nbsp;Coupler_IOinit
<LI><a href="#[8b]">&gt;&gt;</a>&nbsp;&nbsp;&nbsp;Cal_Init
<LI><a href="#[8c]">&gt;&gt;</a>&nbsp;&nbsp;&nbsp;Cal_ADscream_Change
<LI><a href="#[91]">&gt;&gt;</a>&nbsp;&nbsp;&nbsp;Cal_ADdata_Copy
<LI><a href="#[8d]">&gt;&gt;</a>&nbsp;&nbsp;&nbsp;ADSample_Scream_Col
<LI><a href="#[83]">&gt;&gt;</a>&nbsp;&nbsp;&nbsp;ADSample_Init
<LI><a href="#[8e]">&gt;&gt;</a>&nbsp;&nbsp;&nbsp;ADSample_Change
<LI><a href="#[84]">&gt;&gt;</a>&nbsp;&nbsp;&nbsp;UART_Init
</UL>
<BR>[Called By]<UL><LI><a href="#[7c]">&gt;&gt;</a>&nbsp;&nbsp;&nbsp;__rt_entry_main
</UL>

<P><STRONG><a name="[56]"></a>SPI1_IRQHandler</STRONG> (Thumb, 198 bytes, Stack size 20 bytes, ads7953.o(.text))
<BR><BR>[Stack]<UL><LI>Max Depth = 20<LI>Call Chain = SPI1_IRQHandler
</UL>
<BR>[Address Reference Count : 1]<UL><LI> startup_stm32f10x_cl.o(RESET)
</UL>
<P><STRONG><a name="[98]"></a>SPI_Init</STRONG> (Thumb, 158 bytes, Stack size 0 bytes, ads7953.o(.text))
<BR><BR>[Called By]<UL><LI><a href="#[97]">&gt;&gt;</a>&nbsp;&nbsp;&nbsp;ADS7953_Init
</UL>

<P><STRONG><a name="[95]"></a>SPI_TRAN</STRONG> (Thumb, 108 bytes, Stack size 12 bytes, ads7953.o(.text))
<BR><BR>[Stack]<UL><LI>Max Depth = 12<LI>Call Chain = SPI_TRAN
</UL>
<BR>[Called By]<UL><LI><a href="#[96]">&gt;&gt;</a>&nbsp;&nbsp;&nbsp;ADS7953_CHflush
<LI><a href="#[94]">&gt;&gt;</a>&nbsp;&nbsp;&nbsp;ADS7953_CHsel
</UL>

<P><STRONG><a name="[94]"></a>ADS7953_CHsel</STRONG> (Thumb, 108 bytes, Stack size 16 bytes, ads7953.o(.text))
<BR><BR>[Stack]<UL><LI>Max Depth = 28<LI>Call Chain = ADS7953_CHsel &rArr; SPI_TRAN
</UL>
<BR>[Calls]<UL><LI><a href="#[95]">&gt;&gt;</a>&nbsp;&nbsp;&nbsp;SPI_TRAN
</UL>
<BR>[Called By]<UL><LI><a href="#[97]">&gt;&gt;</a>&nbsp;&nbsp;&nbsp;ADS7953_Init
<LI><a href="#[8e]">&gt;&gt;</a>&nbsp;&nbsp;&nbsp;ADSample_Change
</UL>

<P><STRONG><a name="[96]"></a>ADS7953_CHflush</STRONG> (Thumb, 86 bytes, Stack size 16 bytes, ads7953.o(.text))
<BR><BR>[Stack]<UL><LI>Max Depth = 28<LI>Call Chain = ADS7953_CHflush &rArr; SPI_TRAN
</UL>
<BR>[Calls]<UL><LI><a href="#[95]">&gt;&gt;</a>&nbsp;&nbsp;&nbsp;SPI_TRAN
</UL>
<BR>[Called By]<UL><LI><a href="#[8e]">&gt;&gt;</a>&nbsp;&nbsp;&nbsp;ADSample_Change
</UL>

<P><STRONG><a name="[9e]"></a>ADS7953_SMstart</STRONG> (Thumb, 34 bytes, Stack size 0 bytes, ads7953.o(.text))
<BR><BR>[Called By]<UL><LI><a href="#[4c]">&gt;&gt;</a>&nbsp;&nbsp;&nbsp;TIM1_UP_IRQHandler
</UL>

<P><STRONG><a name="[97]"></a>ADS7953_Init</STRONG> (Thumb, 24 bytes, Stack size 4 bytes, ads7953.o(.text))
<BR><BR>[Stack]<UL><LI>Max Depth = 32<LI>Call Chain = ADS7953_Init &rArr; ADS7953_CHsel &rArr; SPI_TRAN
</UL>
<BR>[Calls]<UL><LI><a href="#[94]">&gt;&gt;</a>&nbsp;&nbsp;&nbsp;ADS7953_CHsel
<LI><a href="#[98]">&gt;&gt;</a>&nbsp;&nbsp;&nbsp;SPI_Init
</UL>
<BR>[Called By]<UL><LI><a href="#[83]">&gt;&gt;</a>&nbsp;&nbsp;&nbsp;ADSample_Init
</UL>

<P><STRONG><a name="[5]"></a>HUMI_SampData_fun</STRONG> (Thumb, 4 bytes, Stack size 0 bytes, ad_sample.o(.text))
<BR>[Address Reference Count : 1]<UL><LI> ad_sample.o(.data)
</UL>
<P><STRONG><a name="[6]"></a>TEMP_SampData_fun</STRONG> (Thumb, 4 bytes, Stack size 0 bytes, ad_sample.o(.text))
<BR>[Address Reference Count : 1]<UL><LI> ad_sample.o(.data)
</UL>
<P><STRONG><a name="[4]"></a>BATI_SampData_fun</STRONG> (Thumb, 142 bytes, Stack size 24 bytes, ad_sample.o(.text))
<BR><BR>[Stack]<UL><LI>Max Depth = 52<LI>Call Chain = BATI_SampData_fun &rArr; Cal_Val_Get
</UL>
<BR>[Calls]<UL><LI><a href="#[99]">&gt;&gt;</a>&nbsp;&nbsp;&nbsp;Cal_Val_Get
</UL>
<BR>[Address Reference Count : 1]<UL><LI> ad_sample.o(.data)
</UL>
<P><STRONG><a name="[2]"></a>MXU_SampData_fun</STRONG> (Thumb, 156 bytes, Stack size 32 bytes, ad_sample.o(.text))
<BR><BR>[Stack]<UL><LI>Max Depth = 60<LI>Call Chain = MXU_SampData_fun &rArr; Cal_Val_Get
</UL>
<BR>[Calls]<UL><LI><a href="#[99]">&gt;&gt;</a>&nbsp;&nbsp;&nbsp;Cal_Val_Get
</UL>
<BR>[Address Reference Count : 1]<UL><LI> ad_sample.o(.data)
</UL>
<P><STRONG><a name="[7]"></a>BATU_SampData_fun</STRONG> (Thumb, 178 bytes, Stack size 32 bytes, ad_sample.o(.text))
<BR><BR>[Stack]<UL><LI>Max Depth = 60<LI>Call Chain = BATU_SampData_fun &rArr; Cal_Val_Get
</UL>
<BR>[Calls]<UL><LI><a href="#[99]">&gt;&gt;</a>&nbsp;&nbsp;&nbsp;Cal_Val_Get
</UL>
<BR>[Address Reference Count : 1]<UL><LI> ad_sample.o(.data)
</UL>
<P><STRONG><a name="[9]"></a>JYBATP_SampData_fun</STRONG> (Thumb, 4 bytes, Stack size 0 bytes, ad_sample.o(.text))
<BR>[Address Reference Count : 1]<UL><LI> ad_sample.o(.data)
</UL>
<P><STRONG><a name="[fb]"></a>JYBATN_SampData_fun</STRONG> (Thumb, 4 bytes, Stack size 0 bytes, ad_sample.o(.text), UNUSED)

<P><STRONG><a name="[a]"></a>JYRES_SampData_fun</STRONG> (Thumb, 498 bytes, Stack size 40 bytes, ad_sample.o(.text))
<BR><BR>[Stack]<UL><LI>Max Depth = 68<LI>Call Chain = JYRES_SampData_fun &rArr; Cal_Val_Get
</UL>
<BR>[Calls]<UL><LI><a href="#[99]">&gt;&gt;</a>&nbsp;&nbsp;&nbsp;Cal_Val_Get
</UL>
<BR>[Address Reference Count : 1]<UL><LI> ad_sample.o(.data)
</UL>
<P><STRONG><a name="[3]"></a>FZDYU_SampData_fun</STRONG> (Thumb, 94 bytes, Stack size 12 bytes, ad_sample.o(.text))
<BR><BR>[Stack]<UL><LI>Max Depth = 12<LI>Call Chain = FZDYU_SampData_fun
</UL>
<BR>[Address Reference Count : 1]<UL><LI> ad_sample.o(.data)
</UL>
<P><STRONG><a name="[8]"></a>LINKU_SampData_fun</STRONG> (Thumb, 118 bytes, Stack size 12 bytes, ad_sample.o(.text))
<BR><BR>[Stack]<UL><LI>Max Depth = 12<LI>Call Chain = LINKU_SampData_fun
</UL>
<BR>[Address Reference Count : 1]<UL><LI> ad_sample.o(.data)
</UL>
<P><STRONG><a name="[a4]"></a>ADSampe_LimitDataPro</STRONG> (Thumb, 164 bytes, Stack size 8 bytes, ad_sample.o(.text))
<BR><BR>[Stack]<UL><LI>Max Depth = 8<LI>Call Chain = ADSampe_LimitDataPro
</UL>
<BR>[Called By]<UL><LI><a href="#[a2]">&gt;&gt;</a>&nbsp;&nbsp;&nbsp;RXdata_proc
</UL>

<P><STRONG><a name="[8d]"></a>ADSample_Scream_Col</STRONG> (Thumb, 154 bytes, Stack size 16 bytes, ad_sample.o(.text))
<BR><BR>[Stack]<UL><LI>Max Depth = 16<LI>Call Chain = ADSample_Scream_Col
</UL>
<BR>[Calls]<UL><LI><a href="#[9a]">&gt;&gt;</a>&nbsp;&nbsp;&nbsp;__asm___11_AD_Sample_c_d7a81d7b__get_sampmemb
</UL>
<BR>[Called By]<UL><LI><a href="#[7d]">&gt;&gt;</a>&nbsp;&nbsp;&nbsp;main
</UL>

<P><STRONG><a name="[9b]"></a>ADSample_AnalogCHsel</STRONG> (Thumb, 40 bytes, Stack size 0 bytes, ad_sample.o(.text))
<BR><BR>[Called By]<UL><LI><a href="#[83]">&gt;&gt;</a>&nbsp;&nbsp;&nbsp;ADSample_Init
<LI><a href="#[8e]">&gt;&gt;</a>&nbsp;&nbsp;&nbsp;ADSample_Change
</UL>

<P><STRONG><a name="[8e]"></a>ADSample_Change</STRONG> (Thumb, 246 bytes, Stack size 32 bytes, ad_sample.o(.text))
<BR><BR>[Stack]<UL><LI>Max Depth = 60<LI>Call Chain = ADSample_Change &rArr; ADS7953_CHflush &rArr; SPI_TRAN
</UL>
<BR>[Calls]<UL><LI><a href="#[9b]">&gt;&gt;</a>&nbsp;&nbsp;&nbsp;ADSample_AnalogCHsel
<LI><a href="#[96]">&gt;&gt;</a>&nbsp;&nbsp;&nbsp;ADS7953_CHflush
<LI><a href="#[94]">&gt;&gt;</a>&nbsp;&nbsp;&nbsp;ADS7953_CHsel
</UL>
<BR>[Called By]<UL><LI><a href="#[7d]">&gt;&gt;</a>&nbsp;&nbsp;&nbsp;main
</UL>

<P><STRONG><a name="[83]"></a>ADSample_Init</STRONG> (Thumb, 98 bytes, Stack size 8 bytes, ad_sample.o(.text))
<BR><BR>[Stack]<UL><LI>Max Depth = 40<LI>Call Chain = ADSample_Init &rArr; ADS7953_Init &rArr; ADS7953_CHsel &rArr; SPI_TRAN
</UL>
<BR>[Calls]<UL><LI><a href="#[9b]">&gt;&gt;</a>&nbsp;&nbsp;&nbsp;ADSample_AnalogCHsel
<LI><a href="#[97]">&gt;&gt;</a>&nbsp;&nbsp;&nbsp;ADS7953_Init
</UL>
<BR>[Called By]<UL><LI><a href="#[7d]">&gt;&gt;</a>&nbsp;&nbsp;&nbsp;main
</UL>

<P><STRONG><a name="[85]"></a>LED_IOinit</STRONG> (Thumb, 46 bytes, Stack size 0 bytes, stat_control.o(.text))
<BR><BR>[Called By]<UL><LI><a href="#[7d]">&gt;&gt;</a>&nbsp;&nbsp;&nbsp;main
</UL>

<P><STRONG><a name="[86]"></a>Relay_IOinit</STRONG> (Thumb, 70 bytes, Stack size 0 bytes, stat_control.o(.text))
<BR><BR>[Called By]<UL><LI><a href="#[7d]">&gt;&gt;</a>&nbsp;&nbsp;&nbsp;main
</UL>

<P><STRONG><a name="[87]"></a>Coupler_IOinit</STRONG> (Thumb, 68 bytes, Stack size 0 bytes, stat_control.o(.text))
<BR><BR>[Called By]<UL><LI><a href="#[7d]">&gt;&gt;</a>&nbsp;&nbsp;&nbsp;main
</UL>

<P><STRONG><a name="[a3]"></a>OutputCmd_DataPro</STRONG> (Thumb, 46 bytes, Stack size 0 bytes, stat_control.o(.text))
<BR><BR>[Called By]<UL><LI><a href="#[a2]">&gt;&gt;</a>&nbsp;&nbsp;&nbsp;RXdata_proc
</UL>

<P><STRONG><a name="[a6]"></a>IOMemb_DataPro</STRONG> (Thumb, 40 bytes, Stack size 8 bytes, stat_control.o(.text))
<BR><BR>[Stack]<UL><LI>Max Depth = 8<LI>Call Chain = IOMemb_DataPro
</UL>
<BR>[Called By]<UL><LI><a href="#[a2]">&gt;&gt;</a>&nbsp;&nbsp;&nbsp;RXdata_proc
</UL>

<P><STRONG><a name="[8f]"></a>Coupler_Updata</STRONG> (Thumb, 144 bytes, Stack size 16 bytes, stat_control.o(.text))
<BR><BR>[Stack]<UL><LI>Max Depth = 24<LI>Call Chain = Coupler_Updata &rArr; IOMemb_Read
</UL>
<BR>[Calls]<UL><LI><a href="#[9c]">&gt;&gt;</a>&nbsp;&nbsp;&nbsp;IOMemb_Read
</UL>
<BR>[Called By]<UL><LI><a href="#[7d]">&gt;&gt;</a>&nbsp;&nbsp;&nbsp;main
</UL>

<P><STRONG><a name="[90]"></a>Relay_Control</STRONG> (Thumb, 416 bytes, Stack size 24 bytes, stat_control.o(.text))
<BR><BR>[Stack]<UL><LI>Max Depth = 32<LI>Call Chain = Relay_Control &rArr; IOMemb_Write
</UL>
<BR>[Calls]<UL><LI><a href="#[9d]">&gt;&gt;</a>&nbsp;&nbsp;&nbsp;IOMemb_Write
</UL>
<BR>[Called By]<UL><LI><a href="#[7d]">&gt;&gt;</a>&nbsp;&nbsp;&nbsp;main
</UL>

<P><STRONG><a name="[4c]"></a>TIM1_UP_IRQHandler</STRONG> (Thumb, 196 bytes, Stack size 24 bytes, timer.o(.text))
<BR><BR>[Stack]<UL><LI>Max Depth = 24<LI>Call Chain = TIM1_UP_IRQHandler
</UL>
<BR>[Calls]<UL><LI><a href="#[9e]">&gt;&gt;</a>&nbsp;&nbsp;&nbsp;ADS7953_SMstart
</UL>
<BR>[Address Reference Count : 1]<UL><LI> startup_stm32f10x_cl.o(RESET)
</UL>
<P><STRONG><a name="[4f]"></a>TIM2_IRQHandler</STRONG> (Thumb, 98 bytes, Stack size 16 bytes, timer.o(.text))
<BR><BR>[Stack]<UL><LI>Max Depth = 16<LI>Call Chain = TIM2_IRQHandler
</UL>
<BR>[Address Reference Count : 1]<UL><LI> startup_stm32f10x_cl.o(RESET)
</UL>
<P><STRONG><a name="[50]"></a>TIM3_IRQHandler</STRONG> (Thumb, 220 bytes, Stack size 20 bytes, timer.o(.text))
<BR><BR>[Stack]<UL><LI>Max Depth = 20<LI>Call Chain = TIM3_IRQHandler
</UL>
<BR>[Address Reference Count : 1]<UL><LI> startup_stm32f10x_cl.o(RESET)
</UL>
<P><STRONG><a name="[88]"></a>Timer_Init</STRONG> (Thumb, 118 bytes, Stack size 0 bytes, timer.o(.text))
<BR><BR>[Called By]<UL><LI><a href="#[7d]">&gt;&gt;</a>&nbsp;&nbsp;&nbsp;main
</UL>

<P><STRONG><a name="[a0]"></a>CRC16_CAL</STRONG> (Thumb, 42 bytes, Stack size 16 bytes, crc.o(.text))
<BR><BR>[Stack]<UL><LI>Max Depth = 16<LI>Call Chain = CRC16_CAL
</UL>
<BR>[Called By]<UL><LI><a href="#[a7]">&gt;&gt;</a>&nbsp;&nbsp;&nbsp;RXdata_confirm
<LI><a href="#[9f]">&gt;&gt;</a>&nbsp;&nbsp;&nbsp;TXdata_proc
</UL>

<P><STRONG><a name="[fc]"></a>CRC16_BigendianCAL</STRONG> (Thumb, 56 bytes, Stack size 20 bytes, crc.o(.text), UNUSED)

<P><STRONG><a name="[92]"></a>DATA_RecProc</STRONG> (Thumb, 138 bytes, Stack size 24 bytes, data_pro.o(.text))
<BR><BR>[Stack]<UL><LI>Max Depth = 100<LI>Call Chain = DATA_RecProc &rArr; RXdata_proc &rArr; Cal_DataPro &rArr; Flash_Pagedata_Write &rArr; Flash_Page_Erase
</UL>
<BR>[Calls]<UL><LI><a href="#[a7]">&gt;&gt;</a>&nbsp;&nbsp;&nbsp;RXdata_confirm
<LI><a href="#[a2]">&gt;&gt;</a>&nbsp;&nbsp;&nbsp;RXdata_proc
</UL>
<BR>[Called By]<UL><LI><a href="#[7d]">&gt;&gt;</a>&nbsp;&nbsp;&nbsp;main
</UL>

<P><STRONG><a name="[93]"></a>DATA_TraProc</STRONG> (Thumb, 58 bytes, Stack size 8 bytes, data_pro.o(.text))
<BR><BR>[Stack]<UL><LI>Max Depth = 40<LI>Call Chain = DATA_TraProc &rArr; TXdata_proc &rArr; CRC16_CAL
</UL>
<BR>[Calls]<UL><LI><a href="#[9f]">&gt;&gt;</a>&nbsp;&nbsp;&nbsp;TXdata_proc
<LI><a href="#[a8]">&gt;&gt;</a>&nbsp;&nbsp;&nbsp;USART1_Send
</UL>
<BR>[Called By]<UL><LI><a href="#[7d]">&gt;&gt;</a>&nbsp;&nbsp;&nbsp;main
</UL>

<P><STRONG><a name="[8a]"></a>Flash_Init</STRONG> (Thumb, 18 bytes, Stack size 0 bytes, flash.o(.text))
<BR><BR>[Called By]<UL><LI><a href="#[7d]">&gt;&gt;</a>&nbsp;&nbsp;&nbsp;main
</UL>

<P><STRONG><a name="[aa]"></a>Flash_FPEC_Unlock</STRONG> (Thumb, 30 bytes, Stack size 0 bytes, flash.o(.text))
<BR><BR>[Called By]<UL><LI><a href="#[ad]">&gt;&gt;</a>&nbsp;&nbsp;&nbsp;Flash_Mass_Erase
<LI><a href="#[ac]">&gt;&gt;</a>&nbsp;&nbsp;&nbsp;Flash_Page_Erase
<LI><a href="#[ab]">&gt;&gt;</a>&nbsp;&nbsp;&nbsp;Flash_OPT_Lock
<LI><a href="#[a9]">&gt;&gt;</a>&nbsp;&nbsp;&nbsp;Flash_OPT_Unlock
</UL>

<P><STRONG><a name="[b2]"></a>Flash_FPEC_Lock</STRONG> (Thumb, 12 bytes, Stack size 0 bytes, flash.o(.text))
<BR><BR>[Called By]<UL><LI><a href="#[b0]">&gt;&gt;</a>&nbsp;&nbsp;&nbsp;Flash_Pagedata_Write
</UL>

<P><STRONG><a name="[a9]"></a>Flash_OPT_Unlock</STRONG> (Thumb, 38 bytes, Stack size 4 bytes, flash.o(.text), UNUSED)
<BR><BR>[Calls]<UL><LI><a href="#[aa]">&gt;&gt;</a>&nbsp;&nbsp;&nbsp;Flash_FPEC_Unlock
</UL>
<BR>[Called By]<UL><LI><a href="#[af]">&gt;&gt;</a>&nbsp;&nbsp;&nbsp;Flash_OPTBYTE_Erase
<LI><a href="#[ae]">&gt;&gt;</a>&nbsp;&nbsp;&nbsp;Flash_OPTBYTE_Program
</UL>

<P><STRONG><a name="[ab]"></a>Flash_OPT_Lock</STRONG> (Thumb, 28 bytes, Stack size 4 bytes, flash.o(.text), UNUSED)
<BR><BR>[Calls]<UL><LI><a href="#[aa]">&gt;&gt;</a>&nbsp;&nbsp;&nbsp;Flash_FPEC_Unlock
</UL>

<P><STRONG><a name="[b1]"></a>Flash_Halfword_Program</STRONG> (Thumb, 80 bytes, Stack size 0 bytes, flash.o(.text))
<BR><BR>[Called By]<UL><LI><a href="#[b0]">&gt;&gt;</a>&nbsp;&nbsp;&nbsp;Flash_Pagedata_Write
</UL>

<P><STRONG><a name="[ac]"></a>Flash_Page_Erase</STRONG> (Thumb, 86 bytes, Stack size 4 bytes, flash.o(.text))
<BR><BR>[Stack]<UL><LI>Max Depth = 4<LI>Call Chain = Flash_Page_Erase
</UL>
<BR>[Calls]<UL><LI><a href="#[aa]">&gt;&gt;</a>&nbsp;&nbsp;&nbsp;Flash_FPEC_Unlock
</UL>
<BR>[Called By]<UL><LI><a href="#[b0]">&gt;&gt;</a>&nbsp;&nbsp;&nbsp;Flash_Pagedata_Write
</UL>

<P><STRONG><a name="[ad]"></a>Flash_Mass_Erase</STRONG> (Thumb, 50 bytes, Stack size 4 bytes, flash.o(.text), UNUSED)
<BR><BR>[Calls]<UL><LI><a href="#[aa]">&gt;&gt;</a>&nbsp;&nbsp;&nbsp;Flash_FPEC_Unlock
</UL>

<P><STRONG><a name="[ae]"></a>Flash_OPTBYTE_Program</STRONG> (Thumb, 90 bytes, Stack size 8 bytes, flash.o(.text), UNUSED)
<BR><BR>[Calls]<UL><LI><a href="#[a9]">&gt;&gt;</a>&nbsp;&nbsp;&nbsp;Flash_OPT_Unlock
</UL>

<P><STRONG><a name="[af]"></a>Flash_OPTBYTE_Erase</STRONG> (Thumb, 50 bytes, Stack size 4 bytes, flash.o(.text), UNUSED)
<BR><BR>[Calls]<UL><LI><a href="#[a9]">&gt;&gt;</a>&nbsp;&nbsp;&nbsp;Flash_OPT_Unlock
</UL>

<P><STRONG><a name="[b0]"></a>Flash_Pagedata_Write</STRONG> (Thumb, 112 bytes, Stack size 24 bytes, flash.o(.text))
<BR><BR>[Stack]<UL><LI>Max Depth = 28<LI>Call Chain = Flash_Pagedata_Write &rArr; Flash_Page_Erase
</UL>
<BR>[Calls]<UL><LI><a href="#[ac]">&gt;&gt;</a>&nbsp;&nbsp;&nbsp;Flash_Page_Erase
<LI><a href="#[b1]">&gt;&gt;</a>&nbsp;&nbsp;&nbsp;Flash_Halfword_Program
<LI><a href="#[b2]">&gt;&gt;</a>&nbsp;&nbsp;&nbsp;Flash_FPEC_Lock
</UL>
<BR>[Called By]<UL><LI><a href="#[a5]">&gt;&gt;</a>&nbsp;&nbsp;&nbsp;Cal_DataPro
</UL>

<P><STRONG><a name="[8b]"></a>Cal_Init</STRONG> (Thumb, 58 bytes, Stack size 16 bytes, cal_sampdata.o(.text))
<BR><BR>[Stack]<UL><LI>Max Depth = 16<LI>Call Chain = Cal_Init
</UL>
<BR>[Called By]<UL><LI><a href="#[7d]">&gt;&gt;</a>&nbsp;&nbsp;&nbsp;main
</UL>

<P><STRONG><a name="[a5]"></a>Cal_DataPro</STRONG> (Thumb, 396 bytes, Stack size 32 bytes, cal_sampdata.o(.text))
<BR><BR>[Stack]<UL><LI>Max Depth = 60<LI>Call Chain = Cal_DataPro &rArr; Flash_Pagedata_Write &rArr; Flash_Page_Erase
</UL>
<BR>[Calls]<UL><LI><a href="#[b0]">&gt;&gt;</a>&nbsp;&nbsp;&nbsp;Flash_Pagedata_Write
</UL>
<BR>[Called By]<UL><LI><a href="#[a2]">&gt;&gt;</a>&nbsp;&nbsp;&nbsp;RXdata_proc
</UL>

<P><STRONG><a name="[99]"></a>Cal_Val_Get</STRONG> (Thumb, 168 bytes, Stack size 28 bytes, cal_sampdata.o(.text))
<BR><BR>[Stack]<UL><LI>Max Depth = 28<LI>Call Chain = Cal_Val_Get
</UL>
<BR>[Called By]<UL><LI><a href="#[a]">&gt;&gt;</a>&nbsp;&nbsp;&nbsp;JYRES_SampData_fun
<LI><a href="#[7]">&gt;&gt;</a>&nbsp;&nbsp;&nbsp;BATU_SampData_fun
<LI><a href="#[2]">&gt;&gt;</a>&nbsp;&nbsp;&nbsp;MXU_SampData_fun
<LI><a href="#[4]">&gt;&gt;</a>&nbsp;&nbsp;&nbsp;BATI_SampData_fun
</UL>

<P><STRONG><a name="[91]"></a>Cal_ADdata_Copy</STRONG> (Thumb, 152 bytes, Stack size 12 bytes, cal_sampdata.o(.text))
<BR><BR>[Stack]<UL><LI>Max Depth = 12<LI>Call Chain = Cal_ADdata_Copy
</UL>
<BR>[Called By]<UL><LI><a href="#[7d]">&gt;&gt;</a>&nbsp;&nbsp;&nbsp;main
</UL>

<P><STRONG><a name="[8c]"></a>Cal_ADscream_Change</STRONG> (Thumb, 62 bytes, Stack size 0 bytes, cal_sampdata.o(.text))
<BR><BR>[Called By]<UL><LI><a href="#[7d]">&gt;&gt;</a>&nbsp;&nbsp;&nbsp;main
</UL>

<P><STRONG><a name="[89]"></a>Watchdog_Init</STRONG> (Thumb, 80 bytes, Stack size 0 bytes, watchdog.o(.text))
<BR><BR>[Called By]<UL><LI><a href="#[7d]">&gt;&gt;</a>&nbsp;&nbsp;&nbsp;main
</UL>

<P><STRONG><a name="[b3]"></a>BMSCom_GBFrame_TXFifoCtrlProc</STRONG> (Thumb, 124 bytes, Stack size 40 bytes, bmscom_gb.o(.text), UNUSED)
<BR><BR>[Calls]<UL><LI><a href="#[b4]">&gt;&gt;</a>&nbsp;&nbsp;&nbsp;CAN_FrameProc_TxFIFOAdd
</UL>

<P><STRONG><a name="[c1]"></a>BMSCom_SAEFrame_TXFifoCtrlProc</STRONG> (Thumb, 226 bytes, Stack size 48 bytes, bmscom_sae.o(.text), UNUSED)
<BR><BR>[Calls]<UL><LI><a href="#[c2]">&gt;&gt;</a>&nbsp;&nbsp;&nbsp;MP_Init
<LI><a href="#[b4]">&gt;&gt;</a>&nbsp;&nbsp;&nbsp;CAN_FrameProc_TxFIFOAdd
</UL>

<P><STRONG><a name="[be]"></a>CAN_FIFO_Init</STRONG> (Thumb, 54 bytes, Stack size 16 bytes, can.o(.text), UNUSED)
<BR><BR>[Calls]<UL><LI><a href="#[c8]">&gt;&gt;</a>&nbsp;&nbsp;&nbsp;CAN_Interrupt_EnorDis
</UL>
<BR>[Called By]<UL><LI><a href="#[bd]">&gt;&gt;</a>&nbsp;&nbsp;&nbsp;BMSCom_RXTimeoutStageProc
</UL>

<P><STRONG><a name="[c9]"></a>CAN_FrameProc_RxFIFORece</STRONG> (Thumb, 98 bytes, Stack size 16 bytes, can.o(.text), UNUSED)
<BR><BR>[Calls]<UL><LI><a href="#[c8]">&gt;&gt;</a>&nbsp;&nbsp;&nbsp;CAN_Interrupt_EnorDis
</UL>

<P><STRONG><a name="[ca]"></a>CAN_FrameProc_TxFIFOSend</STRONG> (Thumb, 74 bytes, Stack size 24 bytes, can.o(.text), UNUSED)
<BR><BR>[Calls]<UL><LI><a href="#[cc]">&gt;&gt;</a>&nbsp;&nbsp;&nbsp;CAN_FrameSend
<LI><a href="#[cb]">&gt;&gt;</a>&nbsp;&nbsp;&nbsp;CAN_FrameTestSend
</UL>

<P><STRONG><a name="[b4]"></a>CAN_FrameProc_TxFIFOAdd</STRONG> (Thumb, 90 bytes, Stack size 16 bytes, can.o(.text), UNUSED)
<BR><BR>[Called By]<UL><LI><a href="#[c1]">&gt;&gt;</a>&nbsp;&nbsp;&nbsp;BMSCom_SAEFrame_TXFifoCtrlProc
<LI><a href="#[b3]">&gt;&gt;</a>&nbsp;&nbsp;&nbsp;BMSCom_GBFrame_TXFifoCtrlProc
</UL>

<P><STRONG><a name="[cd]"></a>CAN_FrameProc_RxFIFOAdd</STRONG> (Thumb, 146 bytes, Stack size 24 bytes, can.o(.text), UNUSED)
<BR><BR>[Calls]<UL><LI><a href="#[c8]">&gt;&gt;</a>&nbsp;&nbsp;&nbsp;CAN_Interrupt_EnorDis
</UL>

<P><STRONG><a name="[47]"></a>CAN1_RX0_IRQHandler</STRONG> (Thumb, 20 bytes, Stack size 8 bytes, can.o(.text))
<BR><BR>[Stack]<UL><LI>Max Depth = 20<LI>Call Chain = CAN1_RX0_IRQHandler &rArr; CAN_Rx_HandlerProc
</UL>
<BR>[Calls]<UL><LI><a href="#[ce]">&gt;&gt;</a>&nbsp;&nbsp;&nbsp;CAN_Rx_HandlerProc
</UL>
<BR>[Address Reference Count : 1]<UL><LI> startup_stm32f10x_cl.o(RESET)
</UL>
<P><STRONG><a name="[48]"></a>CAN1_RX1_IRQHandler</STRONG> (Thumb, 24 bytes, Stack size 8 bytes, can.o(.text))
<BR><BR>[Stack]<UL><LI>Max Depth = 20<LI>Call Chain = CAN1_RX1_IRQHandler &rArr; CAN_Rx_HandlerProc
</UL>
<BR>[Calls]<UL><LI><a href="#[ce]">&gt;&gt;</a>&nbsp;&nbsp;&nbsp;CAN_Rx_HandlerProc
</UL>
<BR>[Address Reference Count : 1]<UL><LI> startup_stm32f10x_cl.o(RESET)
</UL>
<P><STRONG><a name="[46]"></a>CAN1_TX_IRQHandler</STRONG> (Thumb, 14 bytes, Stack size 8 bytes, can.o(.text))
<BR><BR>[Stack]<UL><LI>Max Depth = 24<LI>Call Chain = CAN1_TX_IRQHandler &rArr; CAN_Tx_HandlerProc
</UL>
<BR>[Calls]<UL><LI><a href="#[cf]">&gt;&gt;</a>&nbsp;&nbsp;&nbsp;CAN_Tx_HandlerProc
</UL>
<BR>[Address Reference Count : 1]<UL><LI> startup_stm32f10x_cl.o(RESET)
</UL>
<P><STRONG><a name="[6c]"></a>CAN2_RX0_IRQHandler</STRONG> (Thumb, 20 bytes, Stack size 8 bytes, can.o(.text))
<BR><BR>[Stack]<UL><LI>Max Depth = 20<LI>Call Chain = CAN2_RX0_IRQHandler &rArr; CAN_Rx_HandlerProc
</UL>
<BR>[Calls]<UL><LI><a href="#[ce]">&gt;&gt;</a>&nbsp;&nbsp;&nbsp;CAN_Rx_HandlerProc
</UL>
<BR>[Address Reference Count : 1]<UL><LI> startup_stm32f10x_cl.o(RESET)
</UL>
<P><STRONG><a name="[6d]"></a>CAN2_RX1_IRQHandler</STRONG> (Thumb, 22 bytes, Stack size 8 bytes, can.o(.text))
<BR><BR>[Stack]<UL><LI>Max Depth = 20<LI>Call Chain = CAN2_RX1_IRQHandler &rArr; CAN_Rx_HandlerProc
</UL>
<BR>[Calls]<UL><LI><a href="#[ce]">&gt;&gt;</a>&nbsp;&nbsp;&nbsp;CAN_Rx_HandlerProc
</UL>
<BR>[Address Reference Count : 1]<UL><LI> startup_stm32f10x_cl.o(RESET)
</UL>
<P><STRONG><a name="[6b]"></a>CAN2_TX_IRQHandler</STRONG> (Thumb, 16 bytes, Stack size 8 bytes, can.o(.text))
<BR><BR>[Stack]<UL><LI>Max Depth = 24<LI>Call Chain = CAN2_TX_IRQHandler &rArr; CAN_Tx_HandlerProc
</UL>
<BR>[Calls]<UL><LI><a href="#[cf]">&gt;&gt;</a>&nbsp;&nbsp;&nbsp;CAN_Tx_HandlerProc
</UL>
<BR>[Address Reference Count : 1]<UL><LI> startup_stm32f10x_cl.o(RESET)
</UL>
<P><STRONG><a name="[d1]"></a>CAN_FilterInit</STRONG> (Thumb, 114 bytes, Stack size 12 bytes, can.o(.text), UNUSED)
<BR><BR>[Called By]<UL><LI><a href="#[d0]">&gt;&gt;</a>&nbsp;&nbsp;&nbsp;CAN_FuncInit
</UL>

<P><STRONG><a name="[d0]"></a>CAN_FuncInit</STRONG> (Thumb, 374 bytes, Stack size 16 bytes, can.o(.text), UNUSED)
<BR><BR>[Calls]<UL><LI><a href="#[d1]">&gt;&gt;</a>&nbsp;&nbsp;&nbsp;CAN_FilterInit
</UL>

<P><STRONG><a name="[d4]"></a>SystemInit</STRONG> (Thumb, 76 bytes, Stack size 8 bytes, system_stm32f10x.o(.text), UNUSED)
<BR><BR>[Calls]<UL><LI><a href="#[d2]">&gt;&gt;</a>&nbsp;&nbsp;&nbsp;SetSysClock
</UL>

<P><STRONG><a name="[fd]"></a>SystemCoreClockUpdate</STRONG> (Thumb, 148 bytes, Stack size 16 bytes, system_stm32f10x.o(.text), UNUSED)

<P><STRONG><a name="[fe]"></a>__use_two_region_memory</STRONG> (Thumb, 2 bytes, Stack size 0 bytes, heapauxi.o(.text), UNUSED)

<P><STRONG><a name="[ff]"></a>__rt_heap_escrow$2region</STRONG> (Thumb, 2 bytes, Stack size 0 bytes, heapauxi.o(.text), UNUSED)

<P><STRONG><a name="[100]"></a>__rt_heap_expand$2region</STRONG> (Thumb, 2 bytes, Stack size 0 bytes, heapauxi.o(.text), UNUSED)

<P><STRONG><a name="[7a]"></a>__user_setup_stackheap</STRONG> (Thumb, 74 bytes, Stack size 8 bytes, sys_stackheap_outer.o(.text))
<BR><BR>[Stack]<UL><LI>Max Depth = 8 + Unknown Stack Size
<LI>Call Chain = __user_setup_stackheap
</UL>
<BR>[Calls]<UL><LI><a href="#[d5]">&gt;&gt;</a>&nbsp;&nbsp;&nbsp;__user_perproc_libspace
<LI><a href="#[d6]">&gt;&gt;</a>&nbsp;&nbsp;&nbsp;__user_initial_stackheap
</UL>
<BR>[Called By]<UL><LI><a href="#[79]">&gt;&gt;</a>&nbsp;&nbsp;&nbsp;__rt_entry_sh
</UL>

<P><STRONG><a name="[7e]"></a>exit</STRONG> (Thumb, 12 bytes, Stack size 0 bytes, exit.o(.text))
<BR><BR>[Calls]<UL><LI><a href="#[d7]">&gt;&gt;</a>&nbsp;&nbsp;&nbsp;__rt_exit
</UL>
<BR>[Called By]<UL><LI><a href="#[7c]">&gt;&gt;</a>&nbsp;&nbsp;&nbsp;__rt_entry_main
</UL>

<P><STRONG><a name="[101]"></a>__user_libspace</STRONG> (Thumb, 8 bytes, Stack size 0 bytes, libspace.o(.text), UNUSED)

<P><STRONG><a name="[d5]"></a>__user_perproc_libspace</STRONG> (Thumb, 0 bytes, Stack size 0 bytes, libspace.o(.text))
<BR><BR>[Called By]<UL><LI><a href="#[7a]">&gt;&gt;</a>&nbsp;&nbsp;&nbsp;__user_setup_stackheap
</UL>

<P><STRONG><a name="[102]"></a>__user_perthread_libspace</STRONG> (Thumb, 0 bytes, Stack size 0 bytes, libspace.o(.text), UNUSED)

<P><STRONG><a name="[d8]"></a>__rt_fp_status_addr</STRONG> (Thumb, 8 bytes, Stack size 0 bytes, rt_fp_status_addr_intlibspace.o(.text))
<BR><BR>[Called By]<UL><LI><a href="#[78]">&gt;&gt;</a>&nbsp;&nbsp;&nbsp;_fp_init
</UL>

<P><STRONG><a name="[82]"></a>_sys_exit</STRONG> (Thumb, 8 bytes, Stack size 0 bytes, sys_exit.o(.text))
<BR><BR>[Called By]<UL><LI><a href="#[81]">&gt;&gt;</a>&nbsp;&nbsp;&nbsp;__rt_exit_exit
</UL>

<P><STRONG><a name="[103]"></a>__I$use$semihosting</STRONG> (Thumb, 0 bytes, Stack size 0 bytes, use_no_semi.o(.text), UNUSED)

<P><STRONG><a name="[104]"></a>__use_no_semihosting_swi</STRONG> (Thumb, 2 bytes, Stack size 0 bytes, use_no_semi.o(.text), UNUSED)

<P><STRONG><a name="[105]"></a>__semihosting_library_function</STRONG> (Thumb, 0 bytes, Stack size 8 bytes, indicate_semi.o(.text), UNUSED)

<P><STRONG><a name="[78]"></a>_fp_init</STRONG> (Thumb, 14 bytes, Stack size 8 bytes, fpinit.o(x$fpl$fpinit))
<BR><BR>[Stack]<UL><LI>Max Depth = 8<LI>Call Chain = _fp_init
</UL>
<BR>[Calls]<UL><LI><a href="#[d8]">&gt;&gt;</a>&nbsp;&nbsp;&nbsp;__rt_fp_status_addr
</UL>
<BR>[Called By]<UL><LI><a href="#[77]">&gt;&gt;</a>&nbsp;&nbsp;&nbsp;__rt_lib_init
</UL>

<P><STRONG><a name="[106]"></a>__fplib_config_pureend_doubles</STRONG> (Thumb, 0 bytes, Stack size unknown bytes, fpinit.o(x$fpl$fpinit), UNUSED)
<P>
<H3>
Local Symbols
</H3>
<P><STRONG><a name="[9d]"></a>IOMemb_Write</STRONG> (Thumb, 46 bytes, Stack size 8 bytes, stat_control.o(.text))
<BR><BR>[Stack]<UL><LI>Max Depth = 8<LI>Call Chain = IOMemb_Write
</UL>
<BR>[Called By]<UL><LI><a href="#[90]">&gt;&gt;</a>&nbsp;&nbsp;&nbsp;Relay_Control
</UL>

<P><STRONG><a name="[9c]"></a>IOMemb_Read</STRONG> (Thumb, 46 bytes, Stack size 8 bytes, stat_control.o(.text))
<BR><BR>[Stack]<UL><LI>Max Depth = 8<LI>Call Chain = IOMemb_Read
</UL>
<BR>[Called By]<UL><LI><a href="#[8f]">&gt;&gt;</a>&nbsp;&nbsp;&nbsp;Coupler_Updata
</UL>

<P><STRONG><a name="[a1]"></a>bigenddata_copy</STRONG> (Thumb, 28 bytes, Stack size 0 bytes, data_pro.o(.text))
<BR><BR>[Called By]<UL><LI><a href="#[9f]">&gt;&gt;</a>&nbsp;&nbsp;&nbsp;TXdata_proc
</UL>

<P><STRONG><a name="[9f]"></a>TXdata_proc</STRONG> (Thumb, 118 bytes, Stack size 16 bytes, data_pro.o(.text))
<BR><BR>[Stack]<UL><LI>Max Depth = 32<LI>Call Chain = TXdata_proc &rArr; CRC16_CAL
</UL>
<BR>[Calls]<UL><LI><a href="#[a1]">&gt;&gt;</a>&nbsp;&nbsp;&nbsp;bigenddata_copy
<LI><a href="#[a0]">&gt;&gt;</a>&nbsp;&nbsp;&nbsp;CRC16_CAL
</UL>
<BR>[Called By]<UL><LI><a href="#[93]">&gt;&gt;</a>&nbsp;&nbsp;&nbsp;DATA_TraProc
</UL>

<P><STRONG><a name="[a2]"></a>RXdata_proc</STRONG> (Thumb, 126 bytes, Stack size 16 bytes, data_pro.o(.text))
<BR><BR>[Stack]<UL><LI>Max Depth = 76<LI>Call Chain = RXdata_proc &rArr; Cal_DataPro &rArr; Flash_Pagedata_Write &rArr; Flash_Page_Erase
</UL>
<BR>[Calls]<UL><LI><a href="#[a5]">&gt;&gt;</a>&nbsp;&nbsp;&nbsp;Cal_DataPro
<LI><a href="#[a6]">&gt;&gt;</a>&nbsp;&nbsp;&nbsp;IOMemb_DataPro
<LI><a href="#[a3]">&gt;&gt;</a>&nbsp;&nbsp;&nbsp;OutputCmd_DataPro
<LI><a href="#[a4]">&gt;&gt;</a>&nbsp;&nbsp;&nbsp;ADSampe_LimitDataPro
</UL>
<BR>[Called By]<UL><LI><a href="#[92]">&gt;&gt;</a>&nbsp;&nbsp;&nbsp;DATA_RecProc
</UL>

<P><STRONG><a name="[a7]"></a>RXdata_confirm</STRONG> (Thumb, 236 bytes, Stack size 24 bytes, data_pro.o(.text))
<BR><BR>[Stack]<UL><LI>Max Depth = 40<LI>Call Chain = RXdata_confirm &rArr; CRC16_CAL
</UL>
<BR>[Calls]<UL><LI><a href="#[a0]">&gt;&gt;</a>&nbsp;&nbsp;&nbsp;CRC16_CAL
</UL>
<BR>[Called By]<UL><LI><a href="#[92]">&gt;&gt;</a>&nbsp;&nbsp;&nbsp;DATA_RecProc
</UL>

<P><STRONG><a name="[1f]"></a>BMSCom_HandShakeStageTxTimer</STRONG> (Thumb, 48 bytes, Stack size 0 bytes, bmscom_gb.o(.text))
<BR>[Address Reference Count : 1]<UL><LI> bmscom_gb.o(.data)
</UL>
<P><STRONG><a name="[20]"></a>BMSCom_ParaConfStageTxTimer</STRONG> (Thumb, 78 bytes, Stack size 8 bytes, bmscom_gb.o(.text))
<BR><BR>[Stack]<UL><LI>Max Depth = 8<LI>Call Chain = BMSCom_ParaConfStageTxTimer
</UL>
<BR>[Address Reference Count : 1]<UL><LI> bmscom_gb.o(.data)
</UL>
<P><STRONG><a name="[21]"></a>BMSCom_ChargeStageTxTimer</STRONG> (Thumb, 76 bytes, Stack size 8 bytes, bmscom_gb.o(.text))
<BR><BR>[Stack]<UL><LI>Max Depth = 8<LI>Call Chain = BMSCom_ChargeStageTxTimer
</UL>
<BR>[Address Reference Count : 1]<UL><LI> bmscom_gb.o(.data)
</UL>
<P><STRONG><a name="[22]"></a>BMSCom_ChargeFinStageTxTimer</STRONG> (Thumb, 48 bytes, Stack size 0 bytes, bmscom_gb.o(.text))
<BR>[Address Reference Count : 1]<UL><LI> bmscom_gb.o(.data)
</UL>
<P><STRONG><a name="[bf]"></a>BMSCom_HandShakeStageInit</STRONG> (Thumb, 98 bytes, Stack size 8 bytes, bmscom_gb.o(.text), UNUSED)
<BR><BR>[Called By]<UL><LI><a href="#[bd]">&gt;&gt;</a>&nbsp;&nbsp;&nbsp;BMSCom_RXTimeoutStageProc
</UL>

<P><STRONG><a name="[b6]"></a>BMSCom_ParaConfStageInit</STRONG> (Thumb, 136 bytes, Stack size 16 bytes, bmscom_gb.o(.text), UNUSED)
<BR><BR>[Called By]<UL><LI><a href="#[b5]">&gt;&gt;</a>&nbsp;&nbsp;&nbsp;BMSCom_HandShakeStageProc
</UL>

<P><STRONG><a name="[b8]"></a>BMSCom_ChargeStageInit</STRONG> (Thumb, 114 bytes, Stack size 12 bytes, bmscom_gb.o(.text), UNUSED)
<BR><BR>[Called By]<UL><LI><a href="#[b7]">&gt;&gt;</a>&nbsp;&nbsp;&nbsp;BMSCom_ParaConfStageProc
</UL>

<P><STRONG><a name="[ba]"></a>BMSCom_ChargeFinStageInit</STRONG> (Thumb, 54 bytes, Stack size 8 bytes, bmscom_gb.o(.text), UNUSED)
<BR><BR>[Called By]<UL><LI><a href="#[b9]">&gt;&gt;</a>&nbsp;&nbsp;&nbsp;BMSCom_ChargeStageProc
</UL>

<P><STRONG><a name="[bc]"></a>BMSCom_IdleStageInit</STRONG> (Thumb, 140 bytes, Stack size 12 bytes, bmscom_gb.o(.text), UNUSED)
<BR><BR>[Called By]<UL><LI><a href="#[bd]">&gt;&gt;</a>&nbsp;&nbsp;&nbsp;BMSCom_RXTimeoutStageProc
<LI><a href="#[bb]">&gt;&gt;</a>&nbsp;&nbsp;&nbsp;BMSCom_ChargeFinStageProc
</UL>

<P><STRONG><a name="[b5]"></a>BMSCom_HandShakeStageProc</STRONG> (Thumb, 108 bytes, Stack size 16 bytes, bmscom_gb.o(.text), UNUSED)
<BR><BR>[Calls]<UL><LI><a href="#[b6]">&gt;&gt;</a>&nbsp;&nbsp;&nbsp;BMSCom_ParaConfStageInit
</UL>

<P><STRONG><a name="[b7]"></a>BMSCom_ParaConfStageProc</STRONG> (Thumb, 106 bytes, Stack size 16 bytes, bmscom_gb.o(.text), UNUSED)
<BR><BR>[Calls]<UL><LI><a href="#[b8]">&gt;&gt;</a>&nbsp;&nbsp;&nbsp;BMSCom_ChargeStageInit
</UL>

<P><STRONG><a name="[b9]"></a>BMSCom_ChargeStageProc</STRONG> (Thumb, 108 bytes, Stack size 16 bytes, bmscom_gb.o(.text), UNUSED)
<BR><BR>[Calls]<UL><LI><a href="#[ba]">&gt;&gt;</a>&nbsp;&nbsp;&nbsp;BMSCom_ChargeFinStageInit
</UL>

<P><STRONG><a name="[bb]"></a>BMSCom_ChargeFinStageProc</STRONG> (Thumb, 46 bytes, Stack size 8 bytes, bmscom_gb.o(.text), UNUSED)
<BR><BR>[Calls]<UL><LI><a href="#[bc]">&gt;&gt;</a>&nbsp;&nbsp;&nbsp;BMSCom_IdleStageInit
</UL>

<P><STRONG><a name="[bd]"></a>BMSCom_RXTimeoutStageProc</STRONG> (Thumb, 42 bytes, Stack size 8 bytes, bmscom_gb.o(.text), UNUSED)
<BR><BR>[Calls]<UL><LI><a href="#[be]">&gt;&gt;</a>&nbsp;&nbsp;&nbsp;CAN_FIFO_Init
<LI><a href="#[bc]">&gt;&gt;</a>&nbsp;&nbsp;&nbsp;BMSCom_IdleStageInit
<LI><a href="#[bf]">&gt;&gt;</a>&nbsp;&nbsp;&nbsp;BMSCom_HandShakeStageInit
</UL>

<P><STRONG><a name="[b]"></a>FrameSendProc_CRM</STRONG> (Thumb, 88 bytes, Stack size 8 bytes, bmscom_gb.o(.text))
<BR><BR>[Stack]<UL><LI>Max Depth = 8<LI>Call Chain = FrameSendProc_CRM
</UL>
<BR>[Address Reference Count : 1]<UL><LI> bmscom_gb.o(.data)
</UL>
<P><STRONG><a name="[19]"></a>FrameReceProc_BRM</STRONG> (Thumb, 246 bytes, Stack size 12 bytes, bmscom_gb.o(.text))
<BR><BR>[Stack]<UL><LI>Max Depth = 12<LI>Call Chain = FrameReceProc_BRM
</UL>
<BR>[Address Reference Count : 1]<UL><LI> bmscom_gb.o(.data)
</UL>
<P><STRONG><a name="[1a]"></a>FrameReceProc_BCP</STRONG> (Thumb, 170 bytes, Stack size 8 bytes, bmscom_gb.o(.text))
<BR><BR>[Stack]<UL><LI>Max Depth = 8<LI>Call Chain = FrameReceProc_BCP
</UL>
<BR>[Address Reference Count : 1]<UL><LI> bmscom_gb.o(.data)
</UL>
<P><STRONG><a name="[c0]"></a>HextoBCD</STRONG> (Thumb, 18 bytes, Stack size 0 bytes, bmscom_gb.o(.text))
<BR><BR>[Called By]<UL><LI><a href="#[c]">&gt;&gt;</a>&nbsp;&nbsp;&nbsp;FrameSendProc_CTS
</UL>

<P><STRONG><a name="[c]"></a>FrameSendProc_CTS</STRONG> (Thumb, 122 bytes, Stack size 16 bytes, bmscom_gb.o(.text))
<BR><BR>[Stack]<UL><LI>Max Depth = 16<LI>Call Chain = FrameSendProc_CTS
</UL>
<BR>[Calls]<UL><LI><a href="#[c0]">&gt;&gt;</a>&nbsp;&nbsp;&nbsp;HextoBCD
</UL>
<BR>[Address Reference Count : 1]<UL><LI> bmscom_gb.o(.data)
</UL>
<P><STRONG><a name="[d]"></a>FrameSendProc_CML</STRONG> (Thumb, 74 bytes, Stack size 0 bytes, bmscom_gb.o(.text))
<BR>[Address Reference Count : 1]<UL><LI> bmscom_gb.o(.data)
</UL>
<P><STRONG><a name="[13]"></a>FrameReceProc_BRO</STRONG> (Thumb, 82 bytes, Stack size 12 bytes, bmscom_gb.o(.text))
<BR><BR>[Stack]<UL><LI>Max Depth = 12<LI>Call Chain = FrameReceProc_BRO
</UL>
<BR>[Address Reference Count : 1]<UL><LI> bmscom_gb.o(.data)
</UL>
<P><STRONG><a name="[e]"></a>FrameSendProc_CRO</STRONG> (Thumb, 62 bytes, Stack size 0 bytes, bmscom_gb.o(.text))
<BR>[Address Reference Count : 1]<UL><LI> bmscom_gb.o(.data)
</UL>
<P><STRONG><a name="[1b]"></a>FrameReceProc_BCS</STRONG> (Thumb, 130 bytes, Stack size 8 bytes, bmscom_gb.o(.text))
<BR><BR>[Stack]<UL><LI>Max Depth = 8<LI>Call Chain = FrameReceProc_BCS
</UL>
<BR>[Address Reference Count : 1]<UL><LI> bmscom_gb.o(.data)
</UL>
<P><STRONG><a name="[14]"></a>FrameReceProc_BCL</STRONG> (Thumb, 96 bytes, Stack size 8 bytes, bmscom_gb.o(.text))
<BR><BR>[Stack]<UL><LI>Max Depth = 8<LI>Call Chain = FrameReceProc_BCL
</UL>
<BR>[Address Reference Count : 1]<UL><LI> bmscom_gb.o(.data)
</UL>
<P><STRONG><a name="[15]"></a>FrameReceProc_BSM</STRONG> (Thumb, 158 bytes, Stack size 8 bytes, bmscom_gb.o(.text))
<BR><BR>[Stack]<UL><LI>Max Depth = 8<LI>Call Chain = FrameReceProc_BSM
</UL>
<BR>[Address Reference Count : 1]<UL><LI> bmscom_gb.o(.data)
</UL>
<P><STRONG><a name="[1c]"></a>FrameReceProc_BMV</STRONG> (Thumb, 88 bytes, Stack size 16 bytes, bmscom_gb.o(.text))
<BR><BR>[Stack]<UL><LI>Max Depth = 16<LI>Call Chain = FrameReceProc_BMV
</UL>
<BR>[Address Reference Count : 1]<UL><LI> bmscom_gb.o(.data)
</UL>
<P><STRONG><a name="[1d]"></a>FrameReceProc_BMT</STRONG> (Thumb, 64 bytes, Stack size 16 bytes, bmscom_gb.o(.text))
<BR><BR>[Stack]<UL><LI>Max Depth = 16<LI>Call Chain = FrameReceProc_BMT
</UL>
<BR>[Address Reference Count : 1]<UL><LI> bmscom_gb.o(.data)
</UL>
<P><STRONG><a name="[1e]"></a>FrameReceProc_BSP</STRONG> (Thumb, 64 bytes, Stack size 16 bytes, bmscom_gb.o(.text))
<BR><BR>[Stack]<UL><LI>Max Depth = 16<LI>Call Chain = FrameReceProc_BSP
</UL>
<BR>[Address Reference Count : 1]<UL><LI> bmscom_gb.o(.data)
</UL>
<P><STRONG><a name="[f]"></a>FrameSendProc_CCS</STRONG> (Thumb, 76 bytes, Stack size 0 bytes, bmscom_gb.o(.text))
<BR>[Address Reference Count : 1]<UL><LI> bmscom_gb.o(.data)
</UL>
<P><STRONG><a name="[16]"></a>FrameReceProc_BST</STRONG> (Thumb, 78 bytes, Stack size 8 bytes, bmscom_gb.o(.text))
<BR><BR>[Stack]<UL><LI>Max Depth = 8<LI>Call Chain = FrameReceProc_BST
</UL>
<BR>[Address Reference Count : 1]<UL><LI> bmscom_gb.o(.data)
</UL>
<P><STRONG><a name="[10]"></a>FrameSendProc_CST</STRONG> (Thumb, 74 bytes, Stack size 0 bytes, bmscom_gb.o(.text))
<BR>[Address Reference Count : 1]<UL><LI> bmscom_gb.o(.data)
</UL>
<P><STRONG><a name="[17]"></a>FrameReceProc_BSD</STRONG> (Thumb, 128 bytes, Stack size 8 bytes, bmscom_gb.o(.text))
<BR><BR>[Stack]<UL><LI>Max Depth = 8<LI>Call Chain = FrameReceProc_BSD
</UL>
<BR>[Address Reference Count : 1]<UL><LI> bmscom_gb.o(.data)
</UL>
<P><STRONG><a name="[11]"></a>FrameSendProc_CSD</STRONG> (Thumb, 76 bytes, Stack size 0 bytes, bmscom_gb.o(.text))
<BR>[Address Reference Count : 1]<UL><LI> bmscom_gb.o(.data)
</UL>
<P><STRONG><a name="[18]"></a>FrameReceProc_BEM</STRONG> (Thumb, 250 bytes, Stack size 12 bytes, bmscom_gb.o(.text))
<BR><BR>[Stack]<UL><LI>Max Depth = 12<LI>Call Chain = FrameReceProc_BEM
</UL>
<BR>[Address Reference Count : 1]<UL><LI> bmscom_gb.o(.data)
</UL>
<P><STRONG><a name="[12]"></a>FrameSendProc_CEM</STRONG> (Thumb, 148 bytes, Stack size 12 bytes, bmscom_gb.o(.text))
<BR><BR>[Stack]<UL><LI>Max Depth = 12<LI>Call Chain = FrameSendProc_CEM
</UL>
<BR>[Address Reference Count : 1]<UL><LI> bmscom_gb.o(.data)
</UL>
<P><STRONG><a name="[c2]"></a>MP_Init</STRONG> (Thumb, 12 bytes, Stack size 0 bytes, bmscom_sae.o(.text))
<BR><BR>[Called By]<UL><LI><a href="#[c1]">&gt;&gt;</a>&nbsp;&nbsp;&nbsp;BMSCom_SAEFrame_TXFifoCtrlProc
<LI><a href="#[c6]">&gt;&gt;</a>&nbsp;&nbsp;&nbsp;MP_AbortRxProc
<LI><a href="#[24]">&gt;&gt;</a>&nbsp;&nbsp;&nbsp;MP_EndOfMsgTxProc
</UL>

<P><STRONG><a name="[c4]"></a>MP_TimerControl</STRONG> (Thumb, 24 bytes, Stack size 0 bytes, bmscom_sae.o(.text))
<BR><BR>[Called By]<UL><LI><a href="#[c5]">&gt;&gt;</a>&nbsp;&nbsp;&nbsp;MP_DTRxProc
<LI><a href="#[25]">&gt;&gt;</a>&nbsp;&nbsp;&nbsp;MP_CTSTxProc
<LI><a href="#[c3]">&gt;&gt;</a>&nbsp;&nbsp;&nbsp;MP_RTSRxProc
</UL>

<P><STRONG><a name="[c3]"></a>MP_RTSRxProc</STRONG> (Thumb, 194 bytes, Stack size 24 bytes, bmscom_sae.o(.text), UNUSED)
<BR><BR>[Calls]<UL><LI><a href="#[c4]">&gt;&gt;</a>&nbsp;&nbsp;&nbsp;MP_TimerControl
</UL>
<BR>[Called By]<UL><LI><a href="#[c7]">&gt;&gt;</a>&nbsp;&nbsp;&nbsp;MultiPackets_CMRxProc
</UL>

<P><STRONG><a name="[26]"></a>MP_RTSTxProc</STRONG> (Thumb, 4 bytes, Stack size 0 bytes, bmscom_sae.o(.text))
<BR>[Address Reference Count : 1]<UL><LI> bmscom_sae.o(.data)
</UL>
<P><STRONG><a name="[28]"></a>MP_BAMTxProc</STRONG> (Thumb, 4 bytes, Stack size 0 bytes, bmscom_sae.o(.text))
<BR>[Address Reference Count : 1]<UL><LI> bmscom_sae.o(.data)
</UL>
<P><STRONG><a name="[27]"></a>MP_DTTxProc</STRONG> (Thumb, 4 bytes, Stack size 0 bytes, bmscom_sae.o(.text))
<BR>[Address Reference Count : 1]<UL><LI> bmscom_sae.o(.data)
</UL>
<P><STRONG><a name="[25]"></a>MP_CTSTxProc</STRONG> (Thumb, 286 bytes, Stack size 24 bytes, bmscom_sae.o(.text))
<BR><BR>[Stack]<UL><LI>Max Depth = 24<LI>Call Chain = MP_CTSTxProc
</UL>
<BR>[Calls]<UL><LI><a href="#[c4]">&gt;&gt;</a>&nbsp;&nbsp;&nbsp;MP_TimerControl
</UL>
<BR>[Address Reference Count : 1]<UL><LI> bmscom_sae.o(.data)
</UL>
<P><STRONG><a name="[c5]"></a>MP_DTRxProc</STRONG> (Thumb, 174 bytes, Stack size 24 bytes, bmscom_sae.o(.text), UNUSED)
<BR><BR>[Calls]<UL><LI><a href="#[c4]">&gt;&gt;</a>&nbsp;&nbsp;&nbsp;MP_TimerControl
</UL>

<P><STRONG><a name="[24]"></a>MP_EndOfMsgTxProc</STRONG> (Thumb, 172 bytes, Stack size 24 bytes, bmscom_sae.o(.text))
<BR><BR>[Stack]<UL><LI>Max Depth = 24<LI>Call Chain = MP_EndOfMsgTxProc
</UL>
<BR>[Calls]<UL><LI><a href="#[c2]">&gt;&gt;</a>&nbsp;&nbsp;&nbsp;MP_Init
</UL>
<BR>[Address Reference Count : 1]<UL><LI> bmscom_sae.o(.data)
</UL>
<P><STRONG><a name="[c6]"></a>MP_AbortRxProc</STRONG> (Thumb, 82 bytes, Stack size 8 bytes, bmscom_sae.o(.text), UNUSED)
<BR><BR>[Calls]<UL><LI><a href="#[c2]">&gt;&gt;</a>&nbsp;&nbsp;&nbsp;MP_Init
</UL>
<BR>[Called By]<UL><LI><a href="#[c7]">&gt;&gt;</a>&nbsp;&nbsp;&nbsp;MultiPackets_CMRxProc
</UL>

<P><STRONG><a name="[23]"></a>MP_AbortTxProc</STRONG> (Thumb, 70 bytes, Stack size 8 bytes, bmscom_sae.o(.text))
<BR><BR>[Stack]<UL><LI>Max Depth = 8<LI>Call Chain = MP_AbortTxProc
</UL>
<BR>[Address Reference Count : 1]<UL><LI> bmscom_sae.o(.data)
</UL>
<P><STRONG><a name="[c7]"></a>MultiPackets_CMRxProc</STRONG> (Thumb, 34 bytes, Stack size 0 bytes, bmscom_sae.o(.text), UNUSED)
<BR><BR>[Calls]<UL><LI><a href="#[c6]">&gt;&gt;</a>&nbsp;&nbsp;&nbsp;MP_AbortRxProc
<LI><a href="#[c3]">&gt;&gt;</a>&nbsp;&nbsp;&nbsp;MP_RTSRxProc
</UL>

<P><STRONG><a name="[c8]"></a>CAN_Interrupt_EnorDis</STRONG> (Thumb, 22 bytes, Stack size 0 bytes, can.o(.text), UNUSED)
<BR><BR>[Called By]<UL><LI><a href="#[cd]">&gt;&gt;</a>&nbsp;&nbsp;&nbsp;CAN_FrameProc_RxFIFOAdd
<LI><a href="#[c9]">&gt;&gt;</a>&nbsp;&nbsp;&nbsp;CAN_FrameProc_RxFIFORece
<LI><a href="#[be]">&gt;&gt;</a>&nbsp;&nbsp;&nbsp;CAN_FIFO_Init
</UL>

<P><STRONG><a name="[cb]"></a>CAN_FrameTestSend</STRONG> (Thumb, 40 bytes, Stack size 0 bytes, can.o(.text), UNUSED)
<BR><BR>[Called By]<UL><LI><a href="#[ca]">&gt;&gt;</a>&nbsp;&nbsp;&nbsp;CAN_FrameProc_TxFIFOSend
</UL>

<P><STRONG><a name="[cc]"></a>CAN_FrameSend</STRONG> (Thumb, 58 bytes, Stack size 12 bytes, can.o(.text), UNUSED)
<BR><BR>[Called By]<UL><LI><a href="#[ca]">&gt;&gt;</a>&nbsp;&nbsp;&nbsp;CAN_FrameProc_TxFIFOSend
</UL>

<P><STRONG><a name="[ce]"></a>CAN_Rx_HandlerProc</STRONG> (Thumb, 110 bytes, Stack size 12 bytes, can.o(.text))
<BR><BR>[Stack]<UL><LI>Max Depth = 12<LI>Call Chain = CAN_Rx_HandlerProc
</UL>
<BR>[Called By]<UL><LI><a href="#[6d]">&gt;&gt;</a>&nbsp;&nbsp;&nbsp;CAN2_RX1_IRQHandler
<LI><a href="#[6c]">&gt;&gt;</a>&nbsp;&nbsp;&nbsp;CAN2_RX0_IRQHandler
<LI><a href="#[48]">&gt;&gt;</a>&nbsp;&nbsp;&nbsp;CAN1_RX1_IRQHandler
<LI><a href="#[47]">&gt;&gt;</a>&nbsp;&nbsp;&nbsp;CAN1_RX0_IRQHandler
</UL>

<P><STRONG><a name="[cf]"></a>CAN_Tx_HandlerProc</STRONG> (Thumb, 48 bytes, Stack size 16 bytes, can.o(.text))
<BR><BR>[Stack]<UL><LI>Max Depth = 16<LI>Call Chain = CAN_Tx_HandlerProc
</UL>
<BR>[Called By]<UL><LI><a href="#[6b]">&gt;&gt;</a>&nbsp;&nbsp;&nbsp;CAN2_TX_IRQHandler
<LI><a href="#[46]">&gt;&gt;</a>&nbsp;&nbsp;&nbsp;CAN1_TX_IRQHandler
</UL>

<P><STRONG><a name="[d3]"></a>SetSysClockTo72</STRONG> (Thumb, 176 bytes, Stack size 0 bytes, system_stm32f10x.o(.text), UNUSED)
<BR><BR>[Called By]<UL><LI><a href="#[d2]">&gt;&gt;</a>&nbsp;&nbsp;&nbsp;SetSysClock
</UL>

<P><STRONG><a name="[d2]"></a>SetSysClock</STRONG> (Thumb, 2 bytes, Stack size 0 bytes, system_stm32f10x.o(.text), UNUSED)
<BR><BR>[Calls]<UL><LI><a href="#[d3]">&gt;&gt;</a>&nbsp;&nbsp;&nbsp;SetSysClockTo72
</UL>
<BR>[Called By]<UL><LI><a href="#[d4]">&gt;&gt;</a>&nbsp;&nbsp;&nbsp;SystemInit
</UL>
<P>
<H3>
Undefined Global Symbols
</H3><HR></body></html>
