<html>
<body>
<pre>
<h1>µVision Build Log</h1>
<h2>Project:</h2>
E:\SVN\onjerry\USER\Changesample.uvproj
Project File Date:  08/04/2015

<h2>Output:</h2>
Rebuild target 'Target 1'
assembling startup_stm32f10x_cl.s...
compiling SYS_Init.c...
compiling UART.c...
compiling main.c...
compiling ADS7953.c...
compiling AD_Sample.c...
compiling Stat_control.c...
compiling Timer.c...
compiling CRC.c...
compiling DATA_pro.c...
src\DATA_pro.c(152): warning:  #186-D: pointless comparison of unsigned integer with zero
compiling Flash.c...
compiling Cal_Sampdata.c...
compiling Watchdog.c...
compiling BMSCom_GB.c...
src\BMSCom_GB.c(622): warning:  #186-D: pointless comparison of unsigned integer with zero
src\BMSCom_GB.c(624): warning:  #186-D: pointless comparison of unsigned integer with zero
src\BMSCom_GB.c(709): warning:  #186-D: pointless comparison of unsigned integer with zero
compiling BMSCom_SAE.c...
compiling CAN.c...
compiling core_cm3.c...
compiling system_stm32f10x.c...
linking...
Program Size: Code=15740 RO-data=896 RW-data=1032 ZI-data=6416  
FromELF: creating hex file...
"..\Output\Changesample.axf" - 0 Error(s), 4 Warning(s).
